
Allocating common symbols
Common symbol       size              file

netbufpool          0x4               binaries/net.o
readylist           0x2               binaries/ready.o
rfltab              0x5a0             binaries/rflinit.o
netportseed         0x8               binaries/net.o
sleepq              0x2               binaries/clkinit.o
nnames              0x4               binaries/naminit.o
udptab              0x168             binaries/udp.o
minheap             0x4               binaries/meminit.o
marks               0x50              binaries/mark.o
currpid             0x4               binaries/initialize.o
Lf_data             0x20c             binaries/lfsinit.o
porttab             0x2d0             binaries/ptinit.o
girmask             0x2               binaries/evec.o
ttytab              0x110             binaries/ttyinit.o
proctab             0x3390            binaries/initialize.o
prcount             0x4               binaries/initialize.o
lfltab              0xf00             binaries/lflinit.o
rdstab              0x8c              binaries/rdsinit.o
ethertab            0x130             binaries/ethinit.o
NetData             0xb0              binaries/net.o
nmarks              0x4               binaries/mark.o
initsp              0x4               binaries/i386.o
Defer               0x8               binaries/resched.o
semtab              0x4b0             binaries/initialize.o
maxheap             0x4               binaries/meminit.o
preempt             0x4               binaries/clkinit.o
buftab              0xf0              binaries/bufinit.o
Rf_data             0x18              binaries/rfsinit.o
mkmutex             0x4               binaries/mark.o
ctr1000             0x4               binaries/clkinit.o
clktime             0x4               binaries/clkinit.o
arpcache            0x140             binaries/arp.o
icmptab             0x230             binaries/icmp.o
nbpools             0x4               binaries/bufinit.o
queuetab            0x980             binaries/queue.o
ptnextid            0x4               binaries/ptinit.o
Ram                 0x19000           binaries/raminit.o
ipoqueue            0x2c              binaries/ip.o
memlist             0x8               binaries/initialize.o
nametab             0x19a0            binaries/naminit.o
ptfree              0x4               binaries/ptinit.o

Memory Configuration

Name             Origin             Length             Attributes
*default*        0x0000000000000000 0xffffffffffffffff

Linker script and memory map

                0x0000000000100000                physbase = 0x100000
                0x0000000000100000                . = physbase
                0x0000000000100000                . = ALIGN (0x1000)

.text           0x0000000000100000    0x1b000
                0x0000000000100000                text = ABSOLUTE (.)
 *(.text .text.*)
 .text          0x0000000000100000      0x165 binaries/start.o
                0x0000000000100020                entry
                0x000000000010003d                start
                0x00000000001000a5                inb
                0x00000000001000ad                inw
                0x00000000001000b6                inl
                0x00000000001000be                outb
                0x00000000001000c8                outw
                0x00000000001000d3                outl
                0x00000000001000dd                _rtcin
                0x00000000001000e8                ___udivsi3
                0x00000000001000f3                ___divsi3
                0x00000000001000ff                sbzero
                0x000000000010010f                bcopy
                0x0000000000100123                insw
                0x0000000000100139                outsw
                0x000000000010014f                lidt
                0x0000000000100157                jumptocode
                0x000000000010015e                jumptobootcode
 .text          0x0000000000100165      0x3e3 binaries/ascdate.o
                0x0000000000100165                ascdate
 .text          0x0000000000100548       0x14 binaries/bufinit.o
                0x0000000000100548                bufinit
 .text          0x000000000010055c       0x8d binaries/chprio.o
                0x000000000010055c                chprio
 .text          0x00000000001005e9       0xa1 binaries/clkhandler.o
                0x00000000001005e9                clkhandler
 .text          0x000000000010068a       0x88 binaries/clkinit.o
                0x000000000010068a                clkinit
 .text          0x0000000000100712       0x75 binaries/close.o
                0x0000000000100712                close
 .text          0x0000000000100787        0x0 binaries/conf.o
 .text          0x0000000000100787       0x7b binaries/control.o
                0x0000000000100787                control
 .text          0x0000000000100802      0x348 binaries/create.o
                0x0000000000100802                create
 .text          0x0000000000100b4a      0x355 binaries/evec.o
                0x0000000000100b4a                initevec
                0x0000000000100ba1                set_evec
                0x0000000000100c43                trap
 .text          0x0000000000100e9f       0x19 binaries/exit.o
                0x0000000000100e9f                exit
 .text          0x0000000000100eb8       0x8c binaries/freebuf.o
                0x0000000000100eb8                freebuf
 .text          0x0000000000100f44      0x172 binaries/freemem.o
                0x0000000000100f44                freemem
 .text          0x00000000001010b6       0x8a binaries/getbuf.o
                0x00000000001010b6                getbuf
 .text          0x0000000000101140       0x75 binaries/getc.o
                0x0000000000101140                getc
 .text          0x00000000001011b5       0x74 binaries/getdev.o
                0x00000000001011b5                getdev
 .text          0x0000000000101229       0xd0 binaries/getitem.o
                0x0000000000101229                getfirst
                0x000000000010126e                getlast
                0x00000000001012b5                getitem
 .text          0x00000000001012f9      0x10a binaries/getmem.o
                0x00000000001012f9                getmem
 .text          0x0000000000101403        0xa binaries/getpid.o
                0x0000000000101403                getpid
 .text          0x000000000010140d       0x75 binaries/getprio.o
                0x000000000010140d                getprio
 .text          0x0000000000101482       0xfb binaries/getstk.o
                0x0000000000101482                getstk
 .text          0x000000000010157d       0x16 binaries/getticks.o
                0x000000000010157d                getticks
 .text          0x0000000000101593       0x3a binaries/gettime.o
                0x0000000000101593                gettime
 .text          0x00000000001015cd      0x1e0 binaries/getutime.o
                0x00000000001015cd                getutime
 .text          0x00000000001017ad      0x3c5 binaries/i386.o
                0x00000000001017ad                setsegs
                0x00000000001018bf                init8259
                0x0000000000101971                pseg
                0x0000000000101b19                setirmask
 .text          0x0000000000101b72       0x75 binaries/init.o
                0x0000000000101b72                init
 .text          0x0000000000101be7      0x4b6 binaries/initialize.o
                0x0000000000101be7                nulluser
                0x0000000000102044                stop
                0x000000000010206f                delay
 .text          0x000000000010209d       0xda binaries/insert.o
                0x000000000010209d                insert
 .text          0x0000000000102177      0x10c binaries/insertd.o
                0x0000000000102177                insertd
 .text          0x0000000000102283        0xa binaries/ioerr.o
                0x0000000000102283                ioerr
 .text          0x000000000010228d        0xa binaries/ionull.o
                0x000000000010228d                ionull
 .text          0x0000000000102297      0x28b binaries/kill.o
                0x0000000000102297                kill
 .text          0x0000000000102522      0x14e binaries/kprintf.o
                0x0000000000102522                kputc
                0x00000000001025b5                kgetc
                0x0000000000102646                kprintf
 .text          0x0000000000102670      0x388 binaries/main_stackframe.o
                0x0000000000102670                function_two_para
                0x000000000010273d                function_three_para
                0x000000000010280e                main
 .text          0x00000000001029f8       0xb5 binaries/mark.o
                0x00000000001029f8                markinit
                0x0000000000102a1c                mark
 .text          0x0000000000102aad       0xcc binaries/meminit.o
                0x0000000000102aad                meminit
 .text          0x0000000000102b79      0x174 binaries/mkbufpool.o
                0x0000000000102b79                mkbufpool
 .text          0x0000000000102ced       0x94 binaries/newqueue.o
                0x0000000000102ced                newqueue
 .text          0x0000000000102d81       0x7b binaries/open.o
                0x0000000000102d81                open
 .text          0x0000000000102dfc       0x20 binaries/panic.o
                0x0000000000102dfc                panic
 .text          0x0000000000102e1c      0x489 binaries/pci.o
                0x0000000000102e1c                pci_init
                0x00000000001030d9                find_pci_device
                0x0000000000103127                pci_bios_read_config_byte
                0x0000000000103166                pci_bios_read_config_word
                0x00000000001031a8                pci_bios_read_config_dword
                0x00000000001031e7                pci_bios_write_config_byte
                0x0000000000103228                pci_bios_write_config_word
                0x000000000010326a                pci_bios_write_config_dword
 .text          0x00000000001032a5      0x78f binaries/pr_status_syscall_summary.o
                0x00000000001032a5                pr_status_syscall_summary
 .text          0x0000000000103a34       0xf1 binaries/ptclear.o
                0x0000000000103a34                _ptclear
 .text          0x0000000000103b25       0x9d binaries/ptcount.o
                0x0000000000103b25                ptcount
 .text          0x0000000000103bc2      0x116 binaries/ptcreate.o
                0x0000000000103bc2                ptcreate
 .text          0x0000000000103cd8       0x7f binaries/ptdelete.o
                0x0000000000103cd8                ptdelete
 .text          0x0000000000103d57       0xbf binaries/ptinit.o
                0x0000000000103d57                ptinit
 .text          0x0000000000103e16      0x11b binaries/ptrecv.o
                0x0000000000103e16                ptrecv
 .text          0x0000000000103f31       0x77 binaries/ptreset.o
                0x0000000000103f31                ptreset
 .text          0x0000000000103fa8      0x13d binaries/ptsend.o
                0x0000000000103fa8                ptsend
 .text          0x00000000001040e5       0x80 binaries/putc.o
                0x00000000001040e5                putc
 .text          0x0000000000104165      0x10d binaries/queue.o
                0x0000000000104165                enqueue
                0x0000000000104205                dequeue
 .text          0x0000000000104272       0x7b binaries/read.o
                0x0000000000104272                read
 .text          0x00000000001042ed       0xfe binaries/ready.o
                0x00000000001042ed                ready
 .text          0x00000000001043eb       0x8c binaries/receive.o
                0x00000000001043eb                receive
 .text          0x0000000000104477       0x5b binaries/recvclr.o
                0x0000000000104477                recvclr
 .text          0x00000000001044d2       0xe7 binaries/recvtime.o
                0x00000000001044d2                recvtime
 .text          0x00000000001045b9      0x199 binaries/resched.o
                0x00000000001045b9                resched
                0x00000000001046dd                resched_cntl
 .text          0x0000000000104752       0xaa binaries/resume.o
                0x0000000000104752                resume
 .text          0x00000000001047fc       0x79 binaries/seek.o
                0x00000000001047fc                seek
 .text          0x0000000000104875       0x70 binaries/semcount.o
                0x0000000000104875                semcount
 .text          0x00000000001048e5       0xd6 binaries/semcreate.o
                0x00000000001048e5                semcreate
 .text          0x00000000001049bb       0xcd binaries/semdelete.o
                0x00000000001049bb                semdelete
 .text          0x0000000000104a88       0xcb binaries/semreset.o
                0x0000000000104a88                semreset
 .text          0x0000000000104b53       0xe6 binaries/send.o
                0x0000000000104b53                send
 .text          0x0000000000104c39       0xa8 binaries/signal.o
                0x0000000000104c39                signal
 .text          0x0000000000104ce1       0xd6 binaries/signaln.o
                0x0000000000104ce1                signaln
 .text          0x0000000000104db7      0x1bb binaries/sleep.o
                0x0000000000104db7                sleep
                0x0000000000104e4e                sleepms
 .text          0x0000000000104f72      0x18b binaries/stacktrace.o
                0x0000000000104f72                stacktrace
 .text          0x00000000001050fd      0x19e binaries/suspend.o
                0x00000000001050fd                suspend
 .text          0x000000000010529b       0xe2 binaries/unsleep.o
                0x000000000010529b                unsleep
 .text          0x000000000010537d       0x19 binaries/userret.o
                0x000000000010537d                userret
 .text          0x0000000000105396      0x10a binaries/wait.o
                0x0000000000105396                wait
 .text          0x00000000001054a0       0x72 binaries/wakeup.o
                0x00000000001054a0                wakeup
 .text          0x0000000000105512       0x7b binaries/write.o
                0x0000000000105512                write
 .text          0x000000000010558d       0x1d binaries/xdone.o
                0x000000000010558d                xdone
 .text          0x00000000001055aa       0x28 binaries/yield.o
                0x00000000001055aa                yield
 .text          0x00000000001055d2       0x11 binaries/abs.o
                0x00000000001055d2                abs
 .text          0x00000000001055e3       0x8f binaries/atoi.o
                0x00000000001055e3                atoi
 .text          0x0000000000105672       0x8f binaries/atol.o
                0x0000000000105672                atol
 .text          0x0000000000105701       0x31 binaries/bzero.o
                0x0000000000105701                bzero
 .text          0x0000000000105732        0x0 binaries/ctype_.o
 .text          0x0000000000105732      0x8ed binaries/doprnt.o
                0x0000000000105732                _doprnt
 .text          0x000000000010601f      0x65c binaries/doscan.o
                0x000000000010601f                _doscan
 .text          0x000000000010667b      0x711 binaries/fdoprnt.o
                0x000000000010667b                _fdoprnt
 .text          0x0000000000106d8c       0x29 binaries/fgetc.o
                0x0000000000106d8c                fgetc
 .text          0x0000000000106db5       0x75 binaries/fgets.o
                0x0000000000106db5                fgets
 .text          0x0000000000106e2a       0x2a binaries/fprintf.o
                0x0000000000106e2a                fprintf
 .text          0x0000000000106e54       0x2c binaries/fputc.o
                0x0000000000106e54                fputc
 .text          0x0000000000106e80       0x43 binaries/fputs.o
                0x0000000000106e80                fputs
 .text          0x0000000000106ec3       0x8a binaries/fscanf.o
                0x0000000000106ec3                fscanf
 .text          0x0000000000106f4d       0x30 binaries/getchar.o
                0x0000000000106f4d                getchar
 .text          0x0000000000106f7d       0x11 binaries/labs.o
                0x0000000000106f7d                labs
 .text          0x0000000000106f8e        0x0 binaries/memchr.o
 .text          0x0000000000106f8e       0x51 binaries/memcmp.o
                0x0000000000106f8e                memcmp
 .text          0x0000000000106fdf       0x3f binaries/memcpy.o
                0x0000000000106fdf                memcpy
 .text          0x000000000010701e       0x30 binaries/memset.o
                0x000000000010701e                memset
 .text          0x000000000010704e       0x46 binaries/printf.o
                0x000000000010704e                printf
 .text          0x0000000000107094       0x33 binaries/putchar.o
                0x0000000000107094                putchar
 .text          0x00000000001070c7      0x27e binaries/qsort.o
                0x00000000001070c7                qsort
 .text          0x0000000000107345       0x63 binaries/rand.o
                0x0000000000107345                rand
                0x000000000010735d                rand_r
                0x000000000010739b                srand
 .text          0x00000000001073a8       0x66 binaries/sprintf.o
                0x00000000001073a8                sprintf
 .text          0x000000000010740e       0x70 binaries/sscanf.o
                0x000000000010740e                sscanf
 .text          0x000000000010747e       0x3c binaries/strchr.o
                0x000000000010747e                strchr
 .text          0x00000000001074ba       0x45 binaries/strcmp.o
                0x00000000001074ba                strcmp
 .text          0x00000000001074ff       0x27 binaries/strcpy.o
                0x00000000001074ff                strcpy
 .text          0x0000000000107526       0x26 binaries/strlen.o
                0x0000000000107526                strlen
 .text          0x000000000010754c       0x56 binaries/strncat.o
                0x000000000010754c                strncat
 .text          0x00000000001075a2       0x5f binaries/strncmp.o
                0x00000000001075a2                strncmp
 .text          0x0000000000107601       0x4f binaries/strncpy.o
                0x0000000000107601                strncpy
 .text          0x0000000000107650       0x2e binaries/strnlen.o
                0x0000000000107650                strnlen
 .text          0x000000000010767e       0x45 binaries/strrchr.o
                0x000000000010767e                strrchr
 .text          0x00000000001076c3       0x6d binaries/strstr.o
                0x00000000001076c3                strstr
 .text          0x0000000000107730       0xe4 binaries/ttycontrol.o
                0x0000000000107730                ttycontrol
 .text          0x0000000000107814       0x97 binaries/ttygetc.o
                0x0000000000107814                ttygetc
 .text          0x00000000001078ab      0x6ee binaries/ttyhandle_in.o
                0x00000000001078ab                ttyhandle_in
 .text          0x0000000000107f99      0x1ae binaries/ttyhandle_out.o
                0x0000000000107f99                ttyhandle_out
 .text          0x0000000000108147       0xce binaries/ttyhandler.o
                0x0000000000108147                ttyhandler
 .text          0x0000000000108215      0x22f binaries/ttyinit.o
                0x0000000000108215                ttyinit
 .text          0x0000000000108444       0x1b binaries/ttykickout.o
                0x0000000000108444                ttykickout
 .text          0x000000000010845f       0xb7 binaries/ttyputc.o
                0x000000000010845f                ttyputc
 .text          0x0000000000108516      0x11b binaries/ttyread.o
                0x0000000000108516                ttyread
 .text          0x0000000000108631       0x4f binaries/ttywrite.o
                0x0000000000108631                ttywrite
 .text          0x0000000000108680      0x14b binaries/mount.o
                0x0000000000108680                mount
                0x0000000000108795                namlen
 .text          0x00000000001087cb      0x1ea binaries/naminit.o
                0x00000000001087cb                naminit
 .text          0x00000000001089b5      0x211 binaries/nammap.o
                0x00000000001089b5                nammap
                0x0000000000108a40                namrepl
                0x0000000000108b76                namcpy
 .text          0x0000000000108bc6       0x4e binaries/namopen.o
                0x0000000000108bc6                namopen
 .text          0x0000000000108c14      0xec3 binaries/82545EMInit.o
                0x0000000000108c72                _82545EMInit
                0x0000000000109943                _82545EM_read_phy_reg
                0x0000000000109a09                _82545EM_write_phy_reg
 .text          0x0000000000109ad7      0x241 binaries/ethcontrol.o
                0x0000000000109b35                ethcontrol
                0x0000000000109cab                ethIrqDisable
                0x0000000000109ce0                ethIrqEnable
 .text          0x0000000000109d18      0x252 binaries/ethhandler.o
                0x0000000000109e88                ethhandler
 .text          0x0000000000109f6a      0x126 binaries/ethinit.o
                0x0000000000109f6a                ethinit
 .text          0x000000000010a090      0x1f4 binaries/ethread.o
                0x000000000010a0ee                ethread
 .text          0x000000000010a284      0x19f binaries/ethwrite.o
                0x000000000010a2e2                ethwrite
 .text          0x000000000010a423       0x9e binaries/rdsbufalloc.o
                0x000000000010a423                rdsbufalloc
 .text          0x000000000010a4c1       0xcc binaries/rdsclose.o
                0x000000000010a4c1                rdsclose
 .text          0x000000000010a58d      0x2e8 binaries/rdscomm.o
                0x000000000010a58d                rdscomm
 .text          0x000000000010a875      0x233 binaries/rdscontrol.o
                0x000000000010a875                rdscontrol
 .text          0x000000000010aaa8      0x1f3 binaries/rdsinit.o
                0x000000000010aaa8                rdsinit
 .text          0x000000000010ac9b      0x19b binaries/rdsopen.o
                0x000000000010ac9b                rdsopen
 .text          0x000000000010ae36      0x461 binaries/rdsprocess.o
                0x000000000010ae36                rdsprocess
 .text          0x000000000010b297      0x259 binaries/rdsread.o
                0x000000000010b297                rdsread
 .text          0x000000000010b4f0      0x1fe binaries/rdswrite.o
                0x000000000010b4f0                rdswrite
 .text          0x000000000010b6ee        0xa binaries/ramclose.o
                0x000000000010b6ee                ramclose
 .text          0x000000000010b6f8       0x3e binaries/raminit.o
                0x000000000010b6f8                raminit
 .text          0x000000000010b736        0xa binaries/ramopen.o
                0x000000000010b736                ramopen
 .text          0x000000000010b740       0x32 binaries/ramread.o
                0x000000000010b740                ramread
 .text          0x000000000010b772       0x32 binaries/ramwrite.o
                0x000000000010b772                ramwrite
 .text          0x000000000010b7a4       0x98 binaries/lfdballoc.o
                0x000000000010b7a4                lfdballoc
 .text          0x000000000010b83c       0x58 binaries/lfdbfree.o
                0x000000000010b83c                lfdbfree
 .text          0x000000000010b894       0xb6 binaries/lfflush.o
                0x000000000010b894                lfflush
 .text          0x000000000010b94a       0xd8 binaries/lfgetmode.o
                0x000000000010b94a                lfgetmode
 .text          0x000000000010ba22       0x68 binaries/lfiballoc.o
                0x000000000010ba22                lfiballoc
 .text          0x000000000010ba8a       0x3b binaries/lfibclear.o
                0x000000000010ba8a                lfibclear
 .text          0x000000000010bac5       0xad binaries/lfibget.o
                0x000000000010bac5                lfibget
 .text          0x000000000010bb72       0xdc binaries/lfibput.o
                0x000000000010bb72                lfibput
 .text          0x000000000010bc4e       0xa2 binaries/lflclose.o
                0x000000000010bc4e                lflclose
 .text          0x000000000010bcf0       0xd0 binaries/lflcontrol.o
                0x000000000010bcf0                lflcontrol
 .text          0x000000000010bdc0       0xf2 binaries/lflgetc.o
                0x000000000010bdc0                lflgetc
 .text          0x000000000010beb2       0xf1 binaries/lflinit.o
                0x000000000010beb2                lflinit
 .text          0x000000000010bfa3      0x122 binaries/lflputc.o
                0x000000000010bfa3                lflputc
 .text          0x000000000010c0c5       0x70 binaries/lflread.o
                0x000000000010c0c5                lflread
 .text          0x000000000010c135       0xac binaries/lflseek.o
                0x000000000010c135                lflseek
 .text          0x000000000010c1e1       0x55 binaries/lflwrite.o
                0x000000000010c1e1                lflwrite
 .text          0x000000000010c236       0x62 binaries/lfscheck.o
                0x000000000010c236                lfscheck
 .text          0x000000000010c298      0x175 binaries/lfsckfmt.o
                0x000000000010c298                lfsckfmt
 .text          0x000000000010c40d      0x1ad binaries/lfscreate.o
                0x000000000010c40d                lfscreate
 .text          0x000000000010c5ba      0x278 binaries/lfsetup.o
                0x000000000010c5ba                lfsetup
 .text          0x000000000010c832       0x51 binaries/lfsinit.o
                0x000000000010c832                lfsinit
 .text          0x000000000010c883      0x3c0 binaries/lfsopen.o
                0x000000000010c883                lfsopen
 .text          0x000000000010cc43      0x15e binaries/lftruncate.o
                0x000000000010cc43                lftruncate
 .text          0x000000000010cda1       0x71 binaries/rflclose.o
                0x000000000010cda1                rflclose
 .text          0x000000000010ce12       0x32 binaries/rflgetc.o
                0x000000000010ce12                rflgetc
 .text          0x000000000010ce44       0x76 binaries/rflinit.o
                0x000000000010ce44                rflinit
 .text          0x000000000010ceba       0x33 binaries/rflputc.o
                0x000000000010ceba                rflputc
 .text          0x000000000010ceed      0x360 binaries/rflread.o
                0x000000000010ceed                rflread
 .text          0x000000000010d24d       0x74 binaries/rflseek.o
                0x000000000010d24d                rflseek
 .text          0x000000000010d2c1      0x34d binaries/rflwrite.o
                0x000000000010d2c1                rflwrite
 .text          0x000000000010d60e      0x1e2 binaries/rfscomm.o
                0x000000000010d60e                rfscomm
 .text          0x000000000010d7f0      0x26d binaries/rfscontrol.o
                0x000000000010d7f0                rfscontrol
 .text          0x000000000010da5d       0xd8 binaries/rfsgetmode.o
                0x000000000010da5d                rfsgetmode
 .text          0x000000000010db35       0x86 binaries/rfsinit.o
                0x000000000010db35                rfsinit
 .text          0x000000000010dbbb      0x111 binaries/rfsndmsg.o
                0x000000000010dbbb                rfsndmsg
 .text          0x000000000010dccc      0x2aa binaries/rfsopen.o
                0x000000000010dccc                rfsopen
 .text          0x000000000010df76      0x836 binaries/arp.o
                0x000000000010df76                arp_init
                0x000000000010dfa8                arp_resolve
                0x000000000010e25c                arp_in
                0x000000000010e514                arp_alloc
                0x000000000010e5d4                arp_ntoh
                0x000000000010e6c0                arp_hton
 .text          0x000000000010e7ac      0x8e3 binaries/dhcp.o
                0x000000000010e7ac                dhcp_get_opt_val
                0x000000000010e805                dhcp_bld_bootp_msg
                0x000000000010e912                dhcp_bld_disc
                0x000000000010e9fb                dhcp_bld_req
                0x000000000010eb6d                getlocalip
 .text          0x000000000010f08f      0x59f binaries/dns.o
                0x000000000010f08f                dnslookup
 .text          0x000000000010f62e       0xe8 binaries/dot2ip.o
                0x000000000010f62e                dot2ip
 .text          0x000000000010f716      0x4c4 binaries/hexdump.o
                0x000000000010f716                hexdump
                0x000000000010f8bd                hexadump
 .text          0x000000000010fbda      0x8af binaries/icmp.o
                0x000000000010fbda                icmp_init
                0x000000000010fc11                icmp_in
                0x000000000010fde7                icmp_register
                0x000000000010fee2                icmp_recv
                0x000000000011006e                icmp_send
                0x00000000001100f6                icmp_mkpkt
                0x0000000000110210                icmp_release
                0x000000000011030e                icmp_cksum
                0x00000000001103a1                icmp_hton
                0x0000000000110415                icmp_ntoh
 .text          0x0000000000110489      0x8a5 binaries/ip.o
                0x0000000000110489                ip_in
                0x000000000011060d                ip_send
                0x0000000000110768                ip_local
                0x00000000001107b4                ip_out
                0x00000000001108ed                ipcksum
                0x0000000000110973                ip_ntoh
                0x0000000000110a5f                ip_hton
                0x0000000000110b4b                ipout
                0x0000000000110c7a                ip_enqueue
 .text          0x0000000000110d2e      0x2cd binaries/net.o
                0x0000000000110d2e                net_init
                0x0000000000110e56                netin
                0x0000000000110f13                eth_hton
                0x0000000000110f3d                eth_ntoh
                0x0000000000110f67                getport
 .text          0x0000000000110ffb     0x147f binaries/pdump.o
                0x0000000000110ffb                pdump
                0x0000000000111db8                pdumph
 .text          0x000000000011247a      0x613 binaries/tftp.o
                0x000000000011247a                tftp_send1
                0x00000000001125f2                tftpget
                0x0000000000112624                tftpget_mb
 .text          0x0000000000112a8d      0xb82 binaries/udp.o
                0x0000000000112a8d                udp_init
                0x0000000000112ac2                udp_in
                0x0000000000112c04                udp_register
                0x0000000000112d41                udp_recv
                0x0000000000112edd                udp_recvaddr
                0x0000000000113091                udp_send
                0x0000000000113279                udp_sendto
                0x000000000011342a                udp_release
                0x0000000000113525                udp_ntoh
                0x000000000011359a                udp_hton
 .text          0x000000000011360f      0x138 binaries/addargs.o
                0x000000000011360f                addargs
 .text          0x0000000000113747      0x2c9 binaries/lexan.o
                0x0000000000113747                lexan
 .text          0x0000000000113a10      0x663 binaries/shell.o
                0x0000000000113a10                shell
 .text          0x0000000000114073       0x69 binaries/xsh_argecho.o
                0x0000000000114073                xsh_argecho
 .text          0x00000000001140dc      0x275 binaries/xsh_arp.o
                0x00000000001140dc                xsh_arp
 .text          0x0000000000114351      0x269 binaries/xsh_cat.o
                0x0000000000114351                xsh_cat
 .text          0x00000000001145ba       0x5d binaries/xsh_clear.o
                0x00000000001145ba                xsh_clear
 .text          0x0000000000114617      0x2f2 binaries/xsh_date.o
                0x0000000000114617                xsh_date
 .text          0x0000000000114909       0xad binaries/xsh_devdump.o
                0x0000000000114909                xsh_devdump
 .text          0x00000000001149b6       0x72 binaries/xsh_echo.o
                0x00000000001149b6                xsh_echo
 .text          0x0000000000114a28        0xa binaries/xsh_exit.o
                0x0000000000114a28                xsh_exit
 .text          0x0000000000114a32      0x387 binaries/xsh_help.o
                0x0000000000114a32                xsh_help
 .text          0x0000000000114db9      0x244 binaries/xsh_kill.o
                0x0000000000114db9                xsh_kill
 .text          0x0000000000114ffd      0x53f binaries/xsh_memdump.o
                0x0000000000114ffd                xsh_memdump
 .text          0x000000000011553c      0x2a5 binaries/xsh_memstat.o
                0x000000000011553c                xsh_memstat
 .text          0x00000000001157e1      0x509 binaries/xsh_netinfo.o
                0x00000000001157e1                xsh_netinfo
 .text          0x0000000000115cea      0x486 binaries/xsh_ping.o
                0x0000000000115cea                xsh_ping
 .text          0x0000000000116170      0x21e binaries/xsh_ps.o
                0x0000000000116170                xsh_ps
 .text          0x000000000011638e       0x2f binaries/xsh_reset.o
                0x000000000011638e                xsh_reset
 .text          0x00000000001163bd      0x220 binaries/xsh_sleep.o
                0x00000000001163bd                xsh_sleep
 .text          0x00000000001165dd      0x278 binaries/xsh_udpdump.o
                0x00000000001165dd                xsh_udpdump
 .text          0x0000000000116855      0x4b5 binaries/xsh_udpecho.o
                0x0000000000116855                xsh_udpecho
 .text          0x0000000000116d0a      0x2aa binaries/xsh_udpserver.o
                0x0000000000116d0a                xsh_udpeserver
 .text          0x0000000000116fb4      0x1f1 binaries/xsh_uptime.o
                0x0000000000116fb4                xsh_uptime
 .text          0x00000000001171a5        0xe binaries/clkdisp.o
                0x00000000001171a5                clkdisp
 .text          0x00000000001171b3       0x19 binaries/ctxsw.o
                0x00000000001171b3                ctxsw
 .text          0x00000000001171cc      0x36b binaries/intr.o
                0x00000000001171cc                disable
                0x00000000001171d5                restore
                0x00000000001171e3                enable
                0x00000000001171e5                pause
                0x00000000001171ec                halt
                0x00000000001171f2                spurious_irq7
                0x00000000001171f7                spurious_irq15
                0x0000000000117206                _Xint0
                0x0000000000117211                _Xint1
                0x000000000011721c                _Xint2
                0x0000000000117227                _Xint3
                0x0000000000117232                _Xint4
                0x000000000011723d                _Xint5
                0x0000000000117248                _Xint6
                0x0000000000117253                _Xint7
                0x000000000011725e                _Xint8
                0x0000000000117269                _Xint9
                0x0000000000117274                _Xint10
                0x000000000011727f                _Xint11
                0x000000000011728d                _Xint12
                0x000000000011729b                _Xint13
                0x00000000001172a9                _Xint14
                0x00000000001172b7                _Xint15
                0x00000000001172c5                _Xint16
                0x00000000001172d3                _Xint17
                0x00000000001172e1                _Xint18
                0x00000000001172ef                _Xint19
                0x00000000001172fd                _Xint20
                0x000000000011730b                _Xint21
                0x0000000000117319                _Xint22
                0x0000000000117327                _Xint23
                0x0000000000117335                _Xint24
                0x0000000000117343                _Xint25
                0x0000000000117351                _Xint26
                0x000000000011735f                _Xint27
                0x000000000011736d                _Xint28
                0x000000000011737b                _Xint29
                0x0000000000117389                _Xint30
                0x0000000000117397                _Xint31
                0x00000000001173a5                _Xint32
                0x00000000001173b3                _Xint33
                0x00000000001173c1                _Xint34
                0x00000000001173cf                _Xint35
                0x00000000001173dd                _Xint36
                0x00000000001173eb                _Xint37
                0x00000000001173f9                _Xint38
                0x0000000000117407                _Xint39
                0x0000000000117415                _Xint40
                0x0000000000117423                _Xint41
                0x0000000000117431                _Xint42
                0x000000000011743f                _Xint43
                0x000000000011744d                _Xint44
                0x000000000011745b                _Xint45
                0x0000000000117469                _Xint46
                0x0000000000117477                defevec
 .text          0x0000000000117537        0xf binaries/ttydispatch.o
                0x0000000000117537                ttydispatch
 .text          0x0000000000117546       0x13 binaries/ethdispatch.o
                0x0000000000117546                ethdispatch
 *(.rodata .rodata.*)
 *fill*         0x0000000000117559        0x3 
 .rodata        0x000000000011755c       0x8e binaries/ascdate.o
 .rodata        0x00000000001175ea       0xae binaries/conf.o
 .rodata        0x0000000000117698      0x22f binaries/evec.o
 *fill*         0x00000000001178c7        0x1 
 .rodata        0x00000000001178c8       0x61 binaries/getutime.o
 *fill*         0x0000000000117929        0x3 
 .rodata        0x000000000011792c       0x90 binaries/i386.o
 .rodata        0x00000000001179bc      0x180 binaries/initialize.o
 .rodata        0x0000000000117b3c       0x20 binaries/kill.o
 .rodata        0x0000000000117b5c      0x11e binaries/main_stackframe.o
 .rodata        0x0000000000117c7a        0xf binaries/panic.o
 *fill*         0x0000000000117c89        0x3 
 .rodata        0x0000000000117c8c      0x1ec binaries/pci.o
 .rodata        0x0000000000117e78       0xe4 binaries/pr_status_syscall_summary.o
 .rodata        0x0000000000117f5c       0x1d binaries/ptinit.o
 *fill*         0x0000000000117f79        0x3 
 .rodata        0x0000000000117f7c       0x25 binaries/ptsend.o
 *fill*         0x0000000000117fa1        0x3 
 .rodata        0x0000000000117fa4       0xb7 binaries/stacktrace.o
 *fill*         0x000000000011805b        0x1 
 .rodata        0x000000000011805c       0x27 binaries/xdone.o
 *fill*         0x0000000000118083       0x1d 
 .rodata        0x00000000001180a0       0x81 binaries/ctype_.o
                0x00000000001180a0                _ctype_
 *fill*         0x0000000000118121        0x3 
 .rodata        0x0000000000118124       0xee binaries/doprnt.o
 *fill*         0x0000000000118212        0x2 
 .rodata        0x0000000000118214       0x98 binaries/doscan.o
 .rodata        0x00000000001182ac       0xae binaries/fdoprnt.o
 *fill*         0x000000000011835a        0x2 
 .rodata        0x000000000011835c       0x20 binaries/ttycontrol.o
 .rodata        0x000000000011837c       0x34 binaries/ttyhandler.o
 .rodata        0x00000000001183b0       0x80 binaries/naminit.o
 .rodata        0x0000000000118430       0x2e binaries/82545EMInit.o
 *fill*         0x000000000011845e        0x2 
 .rodata        0x0000000000118460       0x78 binaries/ethinit.o
 .rodata        0x00000000001184d8       0x18 binaries/ethread.o
 .rodata        0x00000000001184f0       0x2c binaries/rdsbufalloc.o
 .rodata        0x000000000011851c       0x76 binaries/rdscomm.o
 *fill*         0x0000000000118592        0x2 
 .rodata        0x0000000000118594       0x48 binaries/rdscontrol.o
 .rodata        0x00000000001185dc       0x96 binaries/rdsinit.o
 *fill*         0x0000000000118672        0x2 
 .rodata        0x0000000000118674       0x22 binaries/rdsopen.o
 *fill*         0x0000000000118696        0x2 
 .rodata        0x0000000000118698       0x4d binaries/rdsprocess.o
 .rodata        0x00000000001186e5        0x9 binaries/raminit.o
 *fill*         0x00000000001186ee        0x2 
 .rodata        0x00000000001186f0       0x37 binaries/lfdballoc.o
 .rodata        0x0000000000118727       0x14 binaries/lfiballoc.o
 *fill*         0x000000000011873b        0x1 
 .rodata        0x000000000011873c       0x23 binaries/lflcontrol.o
 *fill*         0x000000000011875f        0x1 
 .rodata        0x0000000000118760      0x11b binaries/lfsckfmt.o
 *fill*         0x000000000011887b        0x1 
 .rodata        0x000000000011887c       0x2a binaries/lfsopen.o
 *fill*         0x00000000001188a6        0x2 
 .rodata        0x00000000001188a8       0x21 binaries/rflread.o
 *fill*         0x00000000001188c9        0x3 
 .rodata        0x00000000001188cc       0x21 binaries/rflwrite.o
 *fill*         0x00000000001188ed        0x3 
 .rodata        0x00000000001188f0       0x75 binaries/rfscomm.o
 *fill*         0x0000000000118965        0x3 
 .rodata        0x0000000000118968       0x3c binaries/rfscontrol.o
 .rodata        0x00000000001189a4       0x63 binaries/rfsinit.o
 *fill*         0x0000000000118a07        0x1 
 .rodata        0x0000000000118a08       0x2a binaries/rfsndmsg.o
 *fill*         0x0000000000118a32        0x2 
 .rodata        0x0000000000118a34       0x22 binaries/rfsopen.o
 *fill*         0x0000000000118a56        0x2 
 .rodata        0x0000000000118a58       0x3a binaries/arp.o
 *fill*         0x0000000000118a92        0x2 
 .rodata        0x0000000000118a94       0xcf binaries/dhcp.o
 .rodata        0x0000000000118b63       0x1a binaries/dns.o
 *fill*         0x0000000000118b7d        0x3 
 .rodata        0x0000000000118b80       0xc9 binaries/hexdump.o
 *fill*         0x0000000000118c49        0x3 
 .rodata        0x0000000000118c4c       0x29 binaries/icmp.o
 *fill*         0x0000000000118c75        0x3 
 .rodata        0x0000000000118c78       0x6e binaries/ip.o
 *fill*         0x0000000000118ce6        0x2 
 .rodata        0x0000000000118ce8       0x4f binaries/net.o
 *fill*         0x0000000000118d37        0x1 
 .rodata        0x0000000000118d38      0x26f binaries/pdump.o
 *fill*         0x0000000000118fa7        0x1 
 .rodata        0x0000000000118fa8      0x154 binaries/tftp.o
 *fill*         0x00000000001190fc        0x4 
 .rodata        0x0000000000119100      0x3ed binaries/shell.o
                0x00000000001191a0                cmdtab
 .rodata        0x00000000001194ed       0x28 binaries/xsh_argecho.o
 *fill*         0x0000000000119515        0x3 
 .rodata        0x0000000000119518      0x123 binaries/xsh_arp.o
 *fill*         0x000000000011963b        0x1 
 .rodata        0x000000000011963c       0xc9 binaries/xsh_cat.o
 .rodata        0x0000000000119705       0x19 binaries/xsh_clear.o
 *fill*         0x000000000011971e        0x2 
 .rodata        0x0000000000119720      0x1c3 binaries/xsh_date.o
 .rodata        0x00000000001198e3       0x5d binaries/xsh_devdump.o
 .rodata        0x0000000000119940        0x9 binaries/xsh_echo.o
 *fill*         0x0000000000119949        0x3 
 .rodata        0x000000000011994c      0x169 binaries/xsh_help.o
 *fill*         0x0000000000119ab5        0x3 
 .rodata        0x0000000000119ab8      0x12e binaries/xsh_kill.o
 *fill*         0x0000000000119be6        0x2 
 .rodata        0x0000000000119be8      0x266 binaries/xsh_memdump.o
 *fill*         0x0000000000119e4e        0x2 
 .rodata        0x0000000000119e50      0x225 binaries/xsh_memstat.o
 *fill*         0x000000000011a075        0x3 
 .rodata        0x000000000011a078      0x1b0 binaries/xsh_netinfo.o
 .rodata        0x000000000011a228      0x1a1 binaries/xsh_ping.o
 *fill*         0x000000000011a3c9       0x17 
 .rodata        0x000000000011a3e0      0x1e0 binaries/xsh_ps.o
 .rodata        0x000000000011a5c0       0x15 binaries/xsh_reset.o
 *fill*         0x000000000011a5d5        0x3 
 .rodata        0x000000000011a5d8       0xeb binaries/xsh_sleep.o
 *fill*         0x000000000011a6c3        0x1 
 .rodata        0x000000000011a6c4      0x1b8 binaries/xsh_udpdump.o
 .rodata        0x000000000011a87c      0x215 binaries/xsh_udpecho.o
 *fill*         0x000000000011aa91        0x3 
 .rodata        0x000000000011aa94      0x12b binaries/xsh_udpserver.o
 *fill*         0x000000000011abbf        0x1 
 .rodata        0x000000000011abc0      0x105 binaries/xsh_uptime.o
                0x000000000011acc5                etext = ABSOLUTE (.)
                0x000000000011b000                . = ALIGN (0x1000)
 *fill*         0x000000000011acc5      0x33b 

.eh_frame       0x000000000011b000     0x2ca8
 .eh_frame      0x000000000011b000       0x38 binaries/ascdate.o
 .eh_frame      0x000000000011b038       0x20 binaries/bufinit.o
                                         0x38 (size before relaxing)
 .eh_frame      0x000000000011b058       0x20 binaries/chprio.o
                                         0x38 (size before relaxing)
 .eh_frame      0x000000000011b078       0x20 binaries/clkhandler.o
                                         0x38 (size before relaxing)
 .eh_frame      0x000000000011b098       0x20 binaries/clkinit.o
                                         0x38 (size before relaxing)
 .eh_frame      0x000000000011b0b8       0x20 binaries/close.o
                                         0x38 (size before relaxing)
 .eh_frame      0x000000000011b0d8       0x20 binaries/control.o
                                         0x38 (size before relaxing)
 .eh_frame      0x000000000011b0f8       0x40 binaries/create.o
                                         0x58 (size before relaxing)
 .eh_frame      0x000000000011b138       0x60 binaries/evec.o
                                         0x78 (size before relaxing)
 .eh_frame      0x000000000011b198       0x20 binaries/exit.o
                                         0x38 (size before relaxing)
 .eh_frame      0x000000000011b1b8       0x20 binaries/freebuf.o
                                         0x38 (size before relaxing)
 .eh_frame      0x000000000011b1d8       0x20 binaries/freemem.o
                                         0x38 (size before relaxing)
 .eh_frame      0x000000000011b1f8       0x20 binaries/getbuf.o
                                         0x38 (size before relaxing)
 .eh_frame      0x000000000011b218       0x20 binaries/getc.o
                                         0x38 (size before relaxing)
 .eh_frame      0x000000000011b238       0x20 binaries/getdev.o
                                         0x38 (size before relaxing)
 .eh_frame      0x000000000011b258       0x60 binaries/getitem.o
                                         0x78 (size before relaxing)
 .eh_frame      0x000000000011b2b8       0x20 binaries/getmem.o
                                         0x38 (size before relaxing)
 .eh_frame      0x000000000011b2d8       0x20 binaries/getpid.o
                                         0x38 (size before relaxing)
 .eh_frame      0x000000000011b2f8       0x20 binaries/getprio.o
                                         0x38 (size before relaxing)
 .eh_frame      0x000000000011b318       0x20 binaries/getstk.o
                                         0x38 (size before relaxing)
 .eh_frame      0x000000000011b338       0x20 binaries/getticks.o
                                         0x38 (size before relaxing)
 .eh_frame      0x000000000011b358       0x20 binaries/gettime.o
                                         0x38 (size before relaxing)
 .eh_frame      0x000000000011b378       0x20 binaries/getutime.o
                                         0x38 (size before relaxing)
 .eh_frame      0x000000000011b398       0x8c binaries/i386.o
                                         0xa4 (size before relaxing)
 .eh_frame      0x000000000011b424       0x20 binaries/init.o
                                         0x38 (size before relaxing)
 .eh_frame      0x000000000011b444       0xa0 binaries/initialize.o
                                         0xb8 (size before relaxing)
 .eh_frame      0x000000000011b4e4       0x20 binaries/insert.o
                                         0x38 (size before relaxing)
 .eh_frame      0x000000000011b504       0x20 binaries/insertd.o
                                         0x38 (size before relaxing)
 .eh_frame      0x000000000011b524       0x20 binaries/ioerr.o
                                         0x38 (size before relaxing)
 .eh_frame      0x000000000011b544       0x20 binaries/ionull.o
                                         0x38 (size before relaxing)
 .eh_frame      0x000000000011b564       0x20 binaries/kill.o
                                         0x38 (size before relaxing)
 .eh_frame      0x000000000011b584       0x60 binaries/kprintf.o
                                         0x78 (size before relaxing)
 .eh_frame      0x000000000011b5e4       0x64 binaries/main_stackframe.o
                                         0x7c (size before relaxing)
 .eh_frame      0x000000000011b648       0x40 binaries/mark.o
                                         0x58 (size before relaxing)
 .eh_frame      0x000000000011b688       0x20 binaries/meminit.o
                                         0x38 (size before relaxing)
 .eh_frame      0x000000000011b6a8       0x20 binaries/mkbufpool.o
                                         0x38 (size before relaxing)
 .eh_frame      0x000000000011b6c8       0x20 binaries/newqueue.o
                                         0x38 (size before relaxing)
 .eh_frame      0x000000000011b6e8       0x20 binaries/open.o
                                         0x38 (size before relaxing)
 .eh_frame      0x000000000011b708       0x1c binaries/panic.o
                                         0x34 (size before relaxing)
 .eh_frame      0x000000000011b724      0x1c8 binaries/pci.o
                                        0x1e0 (size before relaxing)
 .eh_frame      0x000000000011b8ec       0x20 binaries/pr_status_syscall_summary.o
                                         0x38 (size before relaxing)
 .eh_frame      0x000000000011b90c       0x20 binaries/ptclear.o
                                         0x38 (size before relaxing)
 .eh_frame      0x000000000011b92c       0x20 binaries/ptcount.o
                                         0x38 (size before relaxing)
 .eh_frame      0x000000000011b94c       0x20 binaries/ptcreate.o
                                         0x38 (size before relaxing)
 .eh_frame      0x000000000011b96c       0x20 binaries/ptdelete.o
                                         0x38 (size before relaxing)
 .eh_frame      0x000000000011b98c       0x20 binaries/ptinit.o
                                         0x38 (size before relaxing)
 .eh_frame      0x000000000011b9ac       0x20 binaries/ptrecv.o
                                         0x38 (size before relaxing)
 .eh_frame      0x000000000011b9cc       0x20 binaries/ptreset.o
                                         0x38 (size before relaxing)
 .eh_frame      0x000000000011b9ec       0x20 binaries/ptsend.o
                                         0x38 (size before relaxing)
 .eh_frame      0x000000000011ba0c       0x20 binaries/putc.o
                                         0x38 (size before relaxing)
 .eh_frame      0x000000000011ba2c       0x40 binaries/queue.o
                                         0x58 (size before relaxing)
 .eh_frame      0x000000000011ba6c       0x20 binaries/read.o
                                         0x38 (size before relaxing)
 .eh_frame      0x000000000011ba8c       0x24 binaries/ready.o
                                         0x3c (size before relaxing)
 .eh_frame      0x000000000011bab0       0x20 binaries/receive.o
                                         0x38 (size before relaxing)
 .eh_frame      0x000000000011bad0       0x20 binaries/recvclr.o
                                         0x38 (size before relaxing)
 .eh_frame      0x000000000011baf0       0x20 binaries/recvtime.o
                                         0x38 (size before relaxing)
 .eh_frame      0x000000000011bb10       0x40 binaries/resched.o
                                         0x58 (size before relaxing)
 .eh_frame      0x000000000011bb50       0x20 binaries/resume.o
                                         0x38 (size before relaxing)
 .eh_frame      0x000000000011bb70       0x20 binaries/seek.o
                                         0x38 (size before relaxing)
 .eh_frame      0x000000000011bb90       0x20 binaries/semcount.o
                                         0x38 (size before relaxing)
 .eh_frame      0x000000000011bbb0       0x40 binaries/semcreate.o
                                         0x58 (size before relaxing)
 .eh_frame      0x000000000011bbf0       0x20 binaries/semdelete.o
                                         0x38 (size before relaxing)
 .eh_frame      0x000000000011bc10       0x20 binaries/semreset.o
                                         0x38 (size before relaxing)
 .eh_frame      0x000000000011bc30       0x20 binaries/send.o
                                         0x38 (size before relaxing)
 .eh_frame      0x000000000011bc50       0x20 binaries/signal.o
                                         0x38 (size before relaxing)
 .eh_frame      0x000000000011bc70       0x20 binaries/signaln.o
                                         0x38 (size before relaxing)
 .eh_frame      0x000000000011bc90       0x40 binaries/sleep.o
                                         0x58 (size before relaxing)
 .eh_frame      0x000000000011bcd0       0x20 binaries/stacktrace.o
                                         0x38 (size before relaxing)
 .eh_frame      0x000000000011bcf0       0x20 binaries/suspend.o
                                         0x38 (size before relaxing)
 .eh_frame      0x000000000011bd10       0x20 binaries/unsleep.o
                                         0x38 (size before relaxing)
 .eh_frame      0x000000000011bd30       0x20 binaries/userret.o
                                         0x38 (size before relaxing)
 .eh_frame      0x000000000011bd50       0x20 binaries/wait.o
                                         0x38 (size before relaxing)
 .eh_frame      0x000000000011bd70       0x20 binaries/wakeup.o
                                         0x38 (size before relaxing)
 .eh_frame      0x000000000011bd90       0x20 binaries/write.o
                                         0x38 (size before relaxing)
 .eh_frame      0x000000000011bdb0       0x20 binaries/xdone.o
                                         0x38 (size before relaxing)
 .eh_frame      0x000000000011bdd0       0x20 binaries/yield.o
                                         0x38 (size before relaxing)
 .eh_frame      0x000000000011bdf0       0x20 binaries/abs.o
                                         0x38 (size before relaxing)
 .eh_frame      0x000000000011be10       0x20 binaries/atoi.o
                                         0x38 (size before relaxing)
 .eh_frame      0x000000000011be30       0x20 binaries/atol.o
                                         0x38 (size before relaxing)
 .eh_frame      0x000000000011be50       0x20 binaries/bzero.o
                                         0x38 (size before relaxing)
 .eh_frame      0x000000000011be70       0xe0 binaries/doprnt.o
                                         0xf8 (size before relaxing)
 .eh_frame      0x000000000011bf50       0xb0 binaries/doscan.o
                                         0xc8 (size before relaxing)
 .eh_frame      0x000000000011c000       0xc0 binaries/fdoprnt.o
                                         0xd8 (size before relaxing)
 .eh_frame      0x000000000011c0c0       0x20 binaries/fgetc.o
                                         0x38 (size before relaxing)
 .eh_frame      0x000000000011c0e0       0x20 binaries/fgets.o
                                         0x38 (size before relaxing)
 .eh_frame      0x000000000011c100       0x20 binaries/fprintf.o
                                         0x38 (size before relaxing)
 .eh_frame      0x000000000011c120       0x20 binaries/fputc.o
                                         0x38 (size before relaxing)
 .eh_frame      0x000000000011c140       0x20 binaries/fputs.o
                                         0x38 (size before relaxing)
 .eh_frame      0x000000000011c160       0x60 binaries/fscanf.o
                                         0x78 (size before relaxing)
 .eh_frame      0x000000000011c1c0       0x20 binaries/getchar.o
                                         0x38 (size before relaxing)
 .eh_frame      0x000000000011c1e0       0x20 binaries/labs.o
                                         0x38 (size before relaxing)
 .eh_frame      0x000000000011c200       0x20 binaries/memcmp.o
                                         0x38 (size before relaxing)
 .eh_frame      0x000000000011c220       0x24 binaries/memcpy.o
                                         0x3c (size before relaxing)
 .eh_frame      0x000000000011c244       0x24 binaries/memset.o
                                         0x3c (size before relaxing)
 .eh_frame      0x000000000011c268       0x20 binaries/printf.o
                                         0x38 (size before relaxing)
 .eh_frame      0x000000000011c288       0x20 binaries/putchar.o
                                         0x38 (size before relaxing)
 .eh_frame      0x000000000011c2a8       0xa8 binaries/qsort.o
                                         0xc0 (size before relaxing)
 .eh_frame      0x000000000011c350       0x60 binaries/rand.o
                                         0x78 (size before relaxing)
 .eh_frame      0x000000000011c3b0       0x40 binaries/sprintf.o
                                         0x58 (size before relaxing)
 .eh_frame      0x000000000011c3f0       0x60 binaries/sscanf.o
                                         0x78 (size before relaxing)
 .eh_frame      0x000000000011c450       0x20 binaries/strchr.o
                                         0x38 (size before relaxing)
 .eh_frame      0x000000000011c470       0x20 binaries/strcmp.o
                                         0x38 (size before relaxing)
 .eh_frame      0x000000000011c490       0x20 binaries/strcpy.o
                                         0x38 (size before relaxing)
 .eh_frame      0x000000000011c4b0       0x20 binaries/strlen.o
                                         0x38 (size before relaxing)
 .eh_frame      0x000000000011c4d0       0x20 binaries/strncat.o
                                         0x38 (size before relaxing)
 .eh_frame      0x000000000011c4f0       0x20 binaries/strncmp.o
                                         0x38 (size before relaxing)
 .eh_frame      0x000000000011c510       0x28 binaries/strncpy.o
                                         0x40 (size before relaxing)
 .eh_frame      0x000000000011c538       0x20 binaries/strnlen.o
                                         0x38 (size before relaxing)
 .eh_frame      0x000000000011c558       0x20 binaries/strrchr.o
                                         0x38 (size before relaxing)
 .eh_frame      0x000000000011c578       0x20 binaries/strstr.o
                                         0x38 (size before relaxing)
 .eh_frame      0x000000000011c598       0x20 binaries/ttycontrol.o
                                         0x38 (size before relaxing)
 .eh_frame      0x000000000011c5b8       0x20 binaries/ttygetc.o
                                         0x38 (size before relaxing)
 .eh_frame      0x000000000011c5d8       0x80 binaries/ttyhandle_in.o
                                         0x98 (size before relaxing)
 .eh_frame      0x000000000011c658       0x20 binaries/ttyhandle_out.o
                                         0x38 (size before relaxing)
 .eh_frame      0x000000000011c678       0x20 binaries/ttyhandler.o
                                         0x38 (size before relaxing)
 .eh_frame      0x000000000011c698       0x20 binaries/ttyinit.o
                                         0x38 (size before relaxing)
 .eh_frame      0x000000000011c6b8       0x20 binaries/ttykickout.o
                                         0x38 (size before relaxing)
 .eh_frame      0x000000000011c6d8       0x20 binaries/ttyputc.o
                                         0x38 (size before relaxing)
 .eh_frame      0x000000000011c6f8       0x24 binaries/ttyread.o
                                         0x3c (size before relaxing)
 .eh_frame      0x000000000011c71c       0x20 binaries/ttywrite.o
                                         0x38 (size before relaxing)
 .eh_frame      0x000000000011c73c       0x40 binaries/mount.o
                                         0x58 (size before relaxing)
 .eh_frame      0x000000000011c77c       0x20 binaries/naminit.o
                                         0x38 (size before relaxing)
 .eh_frame      0x000000000011c79c       0x60 binaries/nammap.o
                                         0x78 (size before relaxing)
 .eh_frame      0x000000000011c7fc       0x20 binaries/namopen.o
                                         0x38 (size before relaxing)
 .eh_frame      0x000000000011c81c      0x150 binaries/82545EMInit.o
                                        0x168 (size before relaxing)
 .eh_frame      0x000000000011c96c       0xa0 binaries/ethcontrol.o
                                         0xb8 (size before relaxing)
 .eh_frame      0x000000000011ca0c       0x80 binaries/ethhandler.o
                                         0x98 (size before relaxing)
 .eh_frame      0x000000000011ca8c       0x20 binaries/ethinit.o
                                         0x38 (size before relaxing)
 .eh_frame      0x000000000011caac       0x60 binaries/ethread.o
                                         0x78 (size before relaxing)
 .eh_frame      0x000000000011cb0c       0x60 binaries/ethwrite.o
                                         0x78 (size before relaxing)
 .eh_frame      0x000000000011cb6c       0x20 binaries/rdsbufalloc.o
                                         0x38 (size before relaxing)
 .eh_frame      0x000000000011cb8c       0x20 binaries/rdsclose.o
                                         0x38 (size before relaxing)
 .eh_frame      0x000000000011cbac       0x20 binaries/rdscomm.o
                                         0x38 (size before relaxing)
 .eh_frame      0x000000000011cbcc       0x20 binaries/rdscontrol.o
                                         0x38 (size before relaxing)
 .eh_frame      0x000000000011cbec       0x20 binaries/rdsinit.o
                                         0x38 (size before relaxing)
 .eh_frame      0x000000000011cc0c       0x20 binaries/rdsopen.o
                                         0x38 (size before relaxing)
 .eh_frame      0x000000000011cc2c       0x1c binaries/rdsprocess.o
                                         0x34 (size before relaxing)
 .eh_frame      0x000000000011cc48       0x20 binaries/rdsread.o
                                         0x38 (size before relaxing)
 .eh_frame      0x000000000011cc68       0x20 binaries/rdswrite.o
                                         0x38 (size before relaxing)
 .eh_frame      0x000000000011cc88       0x20 binaries/ramclose.o
                                         0x38 (size before relaxing)
 .eh_frame      0x000000000011cca8       0x20 binaries/raminit.o
                                         0x38 (size before relaxing)
 .eh_frame      0x000000000011ccc8       0x20 binaries/ramopen.o
                                         0x38 (size before relaxing)
 .eh_frame      0x000000000011cce8       0x20 binaries/ramread.o
                                         0x38 (size before relaxing)
 .eh_frame      0x000000000011cd08       0x20 binaries/ramwrite.o
                                         0x38 (size before relaxing)
 .eh_frame      0x000000000011cd28       0x20 binaries/lfdballoc.o
                                         0x38 (size before relaxing)
 .eh_frame      0x000000000011cd48       0x20 binaries/lfdbfree.o
                                         0x38 (size before relaxing)
 .eh_frame      0x000000000011cd68       0x20 binaries/lfflush.o
                                         0x38 (size before relaxing)
 .eh_frame      0x000000000011cd88       0x20 binaries/lfgetmode.o
                                         0x38 (size before relaxing)
 .eh_frame      0x000000000011cda8       0x20 binaries/lfiballoc.o
                                         0x38 (size before relaxing)
 .eh_frame      0x000000000011cdc8       0x20 binaries/lfibclear.o
                                         0x38 (size before relaxing)
 .eh_frame      0x000000000011cde8       0x20 binaries/lfibget.o
                                         0x38 (size before relaxing)
 .eh_frame      0x000000000011ce08       0x20 binaries/lfibput.o
                                         0x38 (size before relaxing)
 .eh_frame      0x000000000011ce28       0x20 binaries/lflclose.o
                                         0x38 (size before relaxing)
 .eh_frame      0x000000000011ce48       0x20 binaries/lflcontrol.o
                                         0x38 (size before relaxing)
 .eh_frame      0x000000000011ce68       0x20 binaries/lflgetc.o
                                         0x38 (size before relaxing)
 .eh_frame      0x000000000011ce88       0x20 binaries/lflinit.o
                                         0x38 (size before relaxing)
 .eh_frame      0x000000000011cea8       0x20 binaries/lflputc.o
                                         0x38 (size before relaxing)
 .eh_frame      0x000000000011cec8       0x20 binaries/lflread.o
                                         0x38 (size before relaxing)
 .eh_frame      0x000000000011cee8       0x20 binaries/lflseek.o
                                         0x38 (size before relaxing)
 .eh_frame      0x000000000011cf08       0x20 binaries/lflwrite.o
                                         0x38 (size before relaxing)
 .eh_frame      0x000000000011cf28       0x20 binaries/lfscheck.o
                                         0x38 (size before relaxing)
 .eh_frame      0x000000000011cf48       0x20 binaries/lfsckfmt.o
                                         0x38 (size before relaxing)
 .eh_frame      0x000000000011cf68       0x20 binaries/lfscreate.o
                                         0x38 (size before relaxing)
 .eh_frame      0x000000000011cf88       0x20 binaries/lfsetup.o
                                         0x38 (size before relaxing)
 .eh_frame      0x000000000011cfa8       0x20 binaries/lfsinit.o
                                         0x38 (size before relaxing)
 .eh_frame      0x000000000011cfc8       0x20 binaries/lfsopen.o
                                         0x38 (size before relaxing)
 .eh_frame      0x000000000011cfe8       0x20 binaries/lftruncate.o
                                         0x38 (size before relaxing)
 .eh_frame      0x000000000011d008       0x20 binaries/rflclose.o
                                         0x38 (size before relaxing)
 .eh_frame      0x000000000011d028       0x20 binaries/rflgetc.o
                                         0x38 (size before relaxing)
 .eh_frame      0x000000000011d048       0x20 binaries/rflinit.o
                                         0x38 (size before relaxing)
 .eh_frame      0x000000000011d068       0x20 binaries/rflputc.o
                                         0x38 (size before relaxing)
 .eh_frame      0x000000000011d088       0x20 binaries/rflread.o
                                         0x38 (size before relaxing)
 .eh_frame      0x000000000011d0a8       0x20 binaries/rflseek.o
                                         0x38 (size before relaxing)
 .eh_frame      0x000000000011d0c8       0x20 binaries/rflwrite.o
                                         0x38 (size before relaxing)
 .eh_frame      0x000000000011d0e8       0x20 binaries/rfscomm.o
                                         0x38 (size before relaxing)
 .eh_frame      0x000000000011d108       0x20 binaries/rfscontrol.o
                                         0x38 (size before relaxing)
 .eh_frame      0x000000000011d128       0x20 binaries/rfsgetmode.o
                                         0x38 (size before relaxing)
 .eh_frame      0x000000000011d148       0x20 binaries/rfsinit.o
                                         0x38 (size before relaxing)
 .eh_frame      0x000000000011d168       0x20 binaries/rfsndmsg.o
                                         0x38 (size before relaxing)
 .eh_frame      0x000000000011d188       0x20 binaries/rfsopen.o
                                         0x38 (size before relaxing)
 .eh_frame      0x000000000011d1a8       0xc0 binaries/arp.o
                                         0xd8 (size before relaxing)
 .eh_frame      0x000000000011d268       0xa0 binaries/dhcp.o
                                         0xb8 (size before relaxing)
 .eh_frame      0x000000000011d308       0x80 binaries/dns.o
                                         0x98 (size before relaxing)
 .eh_frame      0x000000000011d388       0x20 binaries/dot2ip.o
                                         0x38 (size before relaxing)
 .eh_frame      0x000000000011d3a8       0x40 binaries/hexdump.o
                                         0x58 (size before relaxing)
 .eh_frame      0x000000000011d3e8      0x14c binaries/icmp.o
                                        0x164 (size before relaxing)
 .eh_frame      0x000000000011d534      0x11c binaries/ip.o
                                        0x134 (size before relaxing)
 .eh_frame      0x000000000011d650       0xa0 binaries/net.o
                                         0xb8 (size before relaxing)
 .eh_frame      0x000000000011d6f0       0x60 binaries/pdump.o
                                         0x78 (size before relaxing)
 .eh_frame      0x000000000011d750       0x60 binaries/tftp.o
                                         0x78 (size before relaxing)
 .eh_frame      0x000000000011d7b0      0x140 binaries/udp.o
                                        0x158 (size before relaxing)
 .eh_frame      0x000000000011d8f0       0x20 binaries/addargs.o
                                         0x38 (size before relaxing)
 .eh_frame      0x000000000011d910       0x20 binaries/lexan.o
                                         0x38 (size before relaxing)
 .eh_frame      0x000000000011d930       0x20 binaries/shell.o
                                         0x38 (size before relaxing)
 .eh_frame      0x000000000011d950       0x20 binaries/xsh_argecho.o
                                         0x38 (size before relaxing)
 .eh_frame      0x000000000011d970       0x40 binaries/xsh_arp.o
                                         0x58 (size before relaxing)
 .eh_frame      0x000000000011d9b0       0x20 binaries/xsh_cat.o
                                         0x38 (size before relaxing)
 .eh_frame      0x000000000011d9d0       0x20 binaries/xsh_clear.o
                                         0x38 (size before relaxing)
 .eh_frame      0x000000000011d9f0       0x20 binaries/xsh_date.o
                                         0x38 (size before relaxing)
 .eh_frame      0x000000000011da10       0x20 binaries/xsh_devdump.o
                                         0x38 (size before relaxing)
 .eh_frame      0x000000000011da30       0x20 binaries/xsh_echo.o
                                         0x38 (size before relaxing)
 .eh_frame      0x000000000011da50       0x20 binaries/xsh_exit.o
                                         0x38 (size before relaxing)
 .eh_frame      0x000000000011da70       0x20 binaries/xsh_help.o
                                         0x38 (size before relaxing)
 .eh_frame      0x000000000011da90       0x20 binaries/xsh_kill.o
                                         0x38 (size before relaxing)
 .eh_frame      0x000000000011dab0       0x40 binaries/xsh_memdump.o
                                         0x58 (size before relaxing)
 .eh_frame      0x000000000011daf0       0x60 binaries/xsh_memstat.o
                                         0x78 (size before relaxing)
 .eh_frame      0x000000000011db50       0x30 binaries/xsh_netinfo.o
                                         0x48 (size before relaxing)
 .eh_frame      0x000000000011db80       0x24 binaries/xsh_ping.o
                                         0x3c (size before relaxing)
 .eh_frame      0x000000000011dba4       0x30 binaries/xsh_ps.o
                                         0x48 (size before relaxing)
 .eh_frame      0x000000000011dbd4       0x20 binaries/xsh_reset.o
                                         0x38 (size before relaxing)
 .eh_frame      0x000000000011dbf4       0x20 binaries/xsh_sleep.o
                                         0x38 (size before relaxing)
 .eh_frame      0x000000000011dc14       0x20 binaries/xsh_udpdump.o
                                         0x38 (size before relaxing)
 .eh_frame      0x000000000011dc34       0x30 binaries/xsh_udpecho.o
                                         0x48 (size before relaxing)
 .eh_frame      0x000000000011dc64       0x24 binaries/xsh_udpserver.o
                                         0x3c (size before relaxing)
 .eh_frame      0x000000000011dc88       0x20 binaries/xsh_uptime.o
                                         0x38 (size before relaxing)

.iplt           0x000000000011dcb0        0x0
 .iplt          0x000000000011dcb0        0x0 binaries/start.o

.rel.dyn        0x000000000011dca8        0x0
 .rel.iplt      0x000000000011dca8        0x0 binaries/start.o
 .rel.text      0x000000000011dca8        0x0 binaries/start.o
 .rel.data      0x000000000011dca8        0x0 binaries/start.o
 .rel.rodata    0x000000000011dca8        0x0 binaries/start.o

.data           0x000000000011dcc0     0x1340
                0x000000000011dcc0                data = ABSOLUTE (.)
 *(.data .data.*)
 .data          0x000000000011dcc0      0x460 binaries/start.o
                0x000000000011dcc0                gdt
                0x000000000011dd00                gdtr
                0x000000000011dd06                idt
                0x000000000011e106                idtr
                0x000000000011e10c                cpudelay
                0x000000000011e110                _bootdev
                0x000000000011e114                _cyloffset
 .data          0x000000000011e120       0x88 binaries/ascdate.o
                0x000000000011e120                Date
 .data          0x000000000011e1a8        0x0 binaries/bufinit.o
 .data          0x000000000011e1a8        0x0 binaries/chprio.o
 .data          0x000000000011e1a8        0x4 binaries/clkhandler.o
 .data          0x000000000011e1ac        0x0 binaries/clkinit.o
 .data          0x000000000011e1ac        0x0 binaries/close.o
 *fill*         0x000000000011e1ac       0x14 
 .data          0x000000000011e1c0      0x5a0 binaries/conf.o
                0x000000000011e1c0                devtab
 .data          0x000000000011e760        0x0 binaries/control.o
 .data          0x000000000011e760        0x4 binaries/create.o
 *fill*         0x000000000011e764       0x1c 
 .data          0x000000000011e780       0x40 binaries/evec.o
                0x000000000011e780                inames
 .data          0x000000000011e7c0        0x0 binaries/exit.o
 .data          0x000000000011e7c0        0x0 binaries/freebuf.o
 .data          0x000000000011e7c0        0x0 binaries/freemem.o
 .data          0x000000000011e7c0        0x0 binaries/getbuf.o
 .data          0x000000000011e7c0        0x0 binaries/getc.o
 .data          0x000000000011e7c0        0x0 binaries/getdev.o
 .data          0x000000000011e7c0        0x0 binaries/getitem.o
 .data          0x000000000011e7c0        0x0 binaries/getmem.o
 .data          0x000000000011e7c0        0x0 binaries/getpid.o
 .data          0x000000000011e7c0        0x0 binaries/getprio.o
 .data          0x000000000011e7c0        0x0 binaries/getstk.o
 .data          0x000000000011e7c0        0x0 binaries/getticks.o
 .data          0x000000000011e7c0        0x0 binaries/gettime.o
 .data          0x000000000011e7c0        0x0 binaries/getutime.o
 .data          0x000000000011e7c0       0x40 binaries/i386.o
                0x000000000011e7c0                gdt_copy
 .data          0x000000000011e800        0x0 binaries/init.o
 .data          0x000000000011e800        0x0 binaries/initialize.o
 .data          0x000000000011e800        0x0 binaries/insert.o
 .data          0x000000000011e800        0x0 binaries/insertd.o
 .data          0x000000000011e800        0x0 binaries/ioerr.o
 .data          0x000000000011e800        0x0 binaries/ionull.o
 .data          0x000000000011e800        0x0 binaries/kill.o
 .data          0x000000000011e800        0x0 binaries/kprintf.o
 .data          0x000000000011e800        0x0 binaries/main_stackframe.o
 .data          0x000000000011e800        0x0 binaries/mark.o
 .data          0x000000000011e800        0x0 binaries/meminit.o
 .data          0x000000000011e800        0x0 binaries/mkbufpool.o
 .data          0x000000000011e800        0x2 binaries/newqueue.o
 .data          0x000000000011e802        0x0 binaries/open.o
 .data          0x000000000011e802        0x0 binaries/panic.o
 *fill*         0x000000000011e802        0x2 
 .data          0x000000000011e804       0x10 binaries/pci.o
 .data          0x000000000011e814        0x0 binaries/pr_status_syscall_summary.o
 .data          0x000000000011e814        0x0 binaries/ptclear.o
 .data          0x000000000011e814        0x0 binaries/ptcount.o
 .data          0x000000000011e814        0x0 binaries/ptcreate.o
 .data          0x000000000011e814        0x0 binaries/ptdelete.o
 .data          0x000000000011e814        0x0 binaries/ptinit.o
 .data          0x000000000011e814        0x0 binaries/ptrecv.o
 .data          0x000000000011e814        0x0 binaries/ptreset.o
 .data          0x000000000011e814        0x0 binaries/ptsend.o
 .data          0x000000000011e814        0x0 binaries/putc.o
[...]
 .comment       0x000000000000001d       0x1e binaries/hexdump.o
 .comment       0x000000000000001d       0x1e binaries/icmp.o
 .comment       0x000000000000001d       0x1e binaries/ip.o
 .comment       0x000000000000001d       0x1e binaries/net.o
 .comment       0x000000000000001d       0x1e binaries/pdump.o
 .comment       0x000000000000001d       0x1e binaries/tftp.o
 .comment       0x000000000000001d       0x1e binaries/udp.o
 .comment       0x000000000000001d       0x1e binaries/addargs.o
 .comment       0x000000000000001d       0x1e binaries/lexan.o
 .comment       0x000000000000001d       0x1e binaries/shell.o
 .comment       0x000000000000001d       0x1e binaries/xsh_argecho.o
 .comment       0x000000000000001d       0x1e binaries/xsh_arp.o
 .comment       0x000000000000001d       0x1e binaries/xsh_cat.o
 .comment       0x000000000000001d       0x1e binaries/xsh_clear.o
 .comment       0x000000000000001d       0x1e binaries/xsh_date.o
 .comment       0x000000000000001d       0x1e binaries/xsh_devdump.o
 .comment       0x000000000000001d       0x1e binaries/xsh_echo.o
 .comment       0x000000000000001d       0x1e binaries/xsh_exit.o
 .comment       0x000000000000001d       0x1e binaries/xsh_help.o
 .comment       0x000000000000001d       0x1e binaries/xsh_kill.o
 .comment       0x000000000000001d       0x1e binaries/xsh_memdump.o
 .comment       0x000000000000001d       0x1e binaries/xsh_memstat.o
 .comment       0x000000000000001d       0x1e binaries/xsh_netinfo.o
 .comment       0x000000000000001d       0x1e binaries/xsh_ping.o
 .comment       0x000000000000001d       0x1e binaries/xsh_ps.o
 .comment       0x000000000000001d       0x1e binaries/xsh_reset.o
 .comment       0x000000000000001d       0x1e binaries/xsh_sleep.o
 .comment       0x000000000000001d       0x1e binaries/xsh_udpdump.o
 .comment       0x000000000000001d       0x1e binaries/xsh_udpecho.o
 .comment       0x000000000000001d       0x1e binaries/xsh_udpserver.o
 .comment       0x000000000000001d       0x1e binaries/xsh_uptime.o

.note.GNU-stack
                0x0000000000000000        0x0
 .note.GNU-stack
                0x0000000000000000        0x0 binaries/ascdate.o
 .note.GNU-stack
                0x0000000000000000        0x0 binaries/bufinit.o
 .note.GNU-stack
                0x0000000000000000        0x0 binaries/chprio.o
 .note.GNU-stack
                0x0000000000000000        0x0 binaries/clkhandler.o
 .note.GNU-stack
                0x0000000000000000        0x0 binaries/clkinit.o
 .note.GNU-stack
                0x0000000000000000        0x0 binaries/close.o
 .note.GNU-stack
                0x0000000000000000        0x0 binaries/conf.o
 .note.GNU-stack
                0x0000000000000000        0x0 binaries/control.o
 .note.GNU-stack
                0x0000000000000000        0x0 binaries/create.o
 .note.GNU-stack
                0x0000000000000000        0x0 binaries/evec.o
 .note.GNU-stack
                0x0000000000000000        0x0 binaries/exit.o
 .note.GNU-stack
                0x0000000000000000        0x0 binaries/freebuf.o
 .note.GNU-stack
                0x0000000000000000        0x0 binaries/freemem.o
 .note.GNU-stack
                0x0000000000000000        0x0 binaries/getbuf.o
 .note.GNU-stack
                0x0000000000000000        0x0 binaries/getc.o
 .note.GNU-stack
                0x0000000000000000        0x0 binaries/getdev.o
 .note.GNU-stack
                0x0000000000000000        0x0 binaries/getitem.o
 .note.GNU-stack
                0x0000000000000000        0x0 binaries/getmem.o
 .note.GNU-stack
                0x0000000000000000        0x0 binaries/getpid.o
 .note.GNU-stack
                0x0000000000000000        0x0 binaries/getprio.o
 .note.GNU-stack
                0x0000000000000000        0x0 binaries/getstk.o
 .note.GNU-stack
                0x0000000000000000        0x0 binaries/getticks.o
 .note.GNU-stack
                0x0000000000000000        0x0 binaries/gettime.o
 .note.GNU-stack
                0x0000000000000000        0x0 binaries/getutime.o
 .note.GNU-stack
                0x0000000000000000        0x0 binaries/i386.o
 .note.GNU-stack
                0x0000000000000000        0x0 binaries/init.o
 .note.GNU-stack
                0x0000000000000000        0x0 binaries/initialize.o
 .note.GNU-stack
                0x0000000000000000        0x0 binaries/insert.o
 .note.GNU-stack
                0x0000000000000000        0x0 binaries/insertd.o
 .note.GNU-stack
                0x0000000000000000        0x0 binaries/ioerr.o
 .note.GNU-stack
                0x0000000000000000        0x0 binaries/ionull.o
 .note.GNU-stack
                0x0000000000000000        0x0 binaries/kill.o
 .note.GNU-stack
                0x0000000000000000        0x0 binaries/kprintf.o
 .note.GNU-stack
                0x0000000000000000        0x0 binaries/main_stackframe.o
 .note.GNU-stack
                0x0000000000000000        0x0 binaries/mark.o
 .note.GNU-stack
                0x0000000000000000        0x0 binaries/meminit.o
 .note.GNU-stack
                0x0000000000000000        0x0 binaries/mkbufpool.o
 .note.GNU-stack
                0x0000000000000000        0x0 binaries/newqueue.o
 .note.GNU-stack
                0x0000000000000000        0x0 binaries/open.o
 .note.GNU-stack
                0x0000000000000000        0x0 binaries/panic.o
 .note.GNU-stack
                0x0000000000000000        0x0 binaries/pci.o
 .note.GNU-stack
                0x0000000000000000        0x0 binaries/pr_status_syscall_summary.o
 .note.GNU-stack
                0x0000000000000000        0x0 binaries/ptclear.o
 .note.GNU-stack
                0x0000000000000000        0x0 binaries/ptcount.o
 .note.GNU-stack
                0x0000000000000000        0x0 binaries/ptcreate.o
 .note.GNU-stack
                0x0000000000000000        0x0 binaries/ptdelete.o
 .note.GNU-stack
                0x0000000000000000        0x0 binaries/ptinit.o
 .note.GNU-stack
                0x0000000000000000        0x0 binaries/ptrecv.o
 .note.GNU-stack
                0x0000000000000000        0x0 binaries/ptreset.o
 .note.GNU-stack
                0x0000000000000000        0x0 binaries/ptsend.o
 .note.GNU-stack
                0x0000000000000000        0x0 binaries/putc.o
 .note.GNU-stack
                0x0000000000000000        0x0 binaries/queue.o
 .note.GNU-stack
                0x0000000000000000        0x0 binaries/read.o
 .note.GNU-stack
                0x0000000000000000        0x0 binaries/ready.o
 .note.GNU-stack
                0x0000000000000000        0x0 binaries/receive.o
 .note.GNU-stack
                0x0000000000000000        0x0 binaries/recvclr.o
 .note.GNU-stack
                0x0000000000000000        0x0 binaries/recvtime.o
 .note.GNU-stack
                0x0000000000000000        0x0 binaries/resched.o
 .note.GNU-stack
                0x0000000000000000        0x0 binaries/resume.o
 .note.GNU-stack
                0x0000000000000000        0x0 binaries/seek.o
 .note.GNU-stack
                0x0000000000000000        0x0 binaries/semcount.o
 .note.GNU-stack
                0x0000000000000000        0x0 binaries/semcreate.o
 .note.GNU-stack
                0x0000000000000000        0x0 binaries/semdelete.o
 .note.GNU-stack
                0x0000000000000000        0x0 binaries/semreset.o
 .note.GNU-stack
                0x0000000000000000        0x0 binaries/send.o
 .note.GNU-stack
                0x0000000000000000        0x0 binaries/signal.o
 .note.GNU-stack
                0x0000000000000000        0x0 binaries/signaln.o
 .note.GNU-stack
                0x0000000000000000        0x0 binaries/sleep.o
 .note.GNU-stack
                0x0000000000000000        0x0 binaries/stacktrace.o
 .note.GNU-stack
                0x0000000000000000        0x0 binaries/suspend.o
 .note.GNU-stack
                0x0000000000000000        0x0 binaries/unsleep.o
 .note.GNU-stack
                0x0000000000000000        0x0 binaries/userret.o
 .note.GNU-stack
                0x0000000000000000        0x0 binaries/wait.o
 .note.GNU-stack
                0x0000000000000000        0x0 binaries/wakeup.o
 .note.GNU-stack
                0x0000000000000000        0x0 binaries/write.o
 .note.GNU-stack
                0x0000000000000000        0x0 binaries/xdone.o
 .note.GNU-stack
                0x0000000000000000        0x0 binaries/yield.o
 .note.GNU-stack
                0x0000000000000000        0x0 binaries/abs.o
 .note.GNU-stack
                0x0000000000000000        0x0 binaries/atoi.o
 .note.GNU-stack
                0x0000000000000000        0x0 binaries/atol.o
 .note.GNU-stack
                0x0000000000000000        0x0 binaries/bzero.o
 .note.GNU-stack
                0x0000000000000000        0x0 binaries/ctype_.o
 .note.GNU-stack
                0x0000000000000000        0x0 binaries/doprnt.o
 .note.GNU-stack
                0x0000000000000000        0x0 binaries/doscan.o
 .note.GNU-stack
                0x0000000000000000        0x0 binaries/fdoprnt.o
 .note.GNU-stack
                0x0000000000000000        0x0 binaries/fgetc.o
 .note.GNU-stack
                0x0000000000000000        0x0 binaries/fgets.o
 .note.GNU-stack
                0x0000000000000000        0x0 binaries/fprintf.o
 .note.GNU-stack
                0x0000000000000000        0x0 binaries/fputc.o
 .note.GNU-stack
                0x0000000000000000        0x0 binaries/fputs.o
 .note.GNU-stack
                0x0000000000000000        0x0 binaries/fscanf.o
 .note.GNU-stack
                0x0000000000000000        0x0 binaries/getchar.o
 .note.GNU-stack
                0x0000000000000000        0x0 binaries/labs.o
 .note.GNU-stack
                0x0000000000000000        0x0 binaries/memchr.o
 .note.GNU-stack
                0x0000000000000000        0x0 binaries/memcmp.o
 .note.GNU-stack
                0x0000000000000000        0x0 binaries/memcpy.o
 .note.GNU-stack
                0x0000000000000000        0x0 binaries/memset.o
 .note.GNU-stack
                0x0000000000000000        0x0 binaries/printf.o
 .note.GNU-stack
                0x0000000000000000        0x0 binaries/putchar.o
 .note.GNU-stack
                0x0000000000000000        0x0 binaries/qsort.o
 .note.GNU-stack
                0x0000000000000000        0x0 binaries/rand.o
 .note.GNU-stack
                0x0000000000000000        0x0 binaries/sprintf.o
 .note.GNU-stack
                0x0000000000000000        0x0 binaries/sscanf.o
 .note.GNU-stack
                0x0000000000000000        0x0 binaries/strchr.o
 .note.GNU-stack
                0x0000000000000000        0x0 binaries/strcmp.o
 .note.GNU-stack
                0x0000000000000000        0x0 binaries/strcpy.o
 .note.GNU-stack
                0x0000000000000000        0x0 binaries/strlen.o
 .note.GNU-stack
                0x0000000000000000        0x0 binaries/strncat.o
 .note.GNU-stack
                0x0000000000000000        0x0 binaries/strncmp.o
 .note.GNU-stack
                0x0000000000000000        0x0 binaries/strncpy.o
 .note.GNU-stack
                0x0000000000000000        0x0 binaries/strnlen.o
 .note.GNU-stack
                0x0000000000000000        0x0 binaries/strrchr.o
 .note.GNU-stack
                0x0000000000000000        0x0 binaries/strstr.o
 .note.GNU-stack
                0x0000000000000000        0x0 binaries/ttycontrol.o
 .note.GNU-stack
                0x0000000000000000        0x0 binaries/ttygetc.o
 .note.GNU-stack
                0x0000000000000000        0x0 binaries/ttyhandle_in.o
 .note.GNU-stack
                0x0000000000000000        0x0 binaries/ttyhandle_out.o
 .note.GNU-stack
                0x0000000000000000        0x0 binaries/ttyhandler.o
 .note.GNU-stack
                0x0000000000000000        0x0 binaries/ttyinit.o
 .note.GNU-stack
                0x0000000000000000        0x0 binaries/ttykickout.o
 .note.GNU-stack
                0x0000000000000000        0x0 binaries/ttyputc.o
 .note.GNU-stack
                0x0000000000000000        0x0 binaries/ttyread.o
 .note.GNU-stack
                0x0000000000000000        0x0 binaries/ttywrite.o
 .note.GNU-stack
                0x0000000000000000        0x0 binaries/mount.o
 .note.GNU-stack
                0x0000000000000000        0x0 binaries/naminit.o
 .note.GNU-stack
                0x0000000000000000        0x0 binaries/nammap.o
 .note.GNU-stack
                0x0000000000000000        0x0 binaries/namopen.o
 .note.GNU-stack
                0x0000000000000000        0x0 binaries/82545EMInit.o
 .note.GNU-stack
                0x0000000000000000        0x0 binaries/ethcontrol.o
 .note.GNU-stack
                0x0000000000000000        0x0 binaries/ethhandler.o
 .note.GNU-stack
                0x0000000000000000        0x0 binaries/ethinit.o
 .note.GNU-stack
                0x0000000000000000        0x0 binaries/ethread.o
 .note.GNU-stack
                0x0000000000000000        0x0 binaries/ethwrite.o
 .note.GNU-stack
                0x0000000000000000        0x0 binaries/rdsbufalloc.o
 .note.GNU-stack
                0x0000000000000000        0x0 binaries/rdsclose.o
 .note.GNU-stack
                0x0000000000000000        0x0 binaries/rdscomm.o
 .note.GNU-stack
                0x0000000000000000        0x0 binaries/rdscontrol.o
 .note.GNU-stack
                0x0000000000000000        0x0 binaries/rdsinit.o
 .note.GNU-stack
                0x0000000000000000        0x0 binaries/rdsopen.o
 .note.GNU-stack
                0x0000000000000000        0x0 binaries/rdsprocess.o
 .note.GNU-stack
                0x0000000000000000        0x0 binaries/rdsread.o
 .note.GNU-stack
                0x0000000000000000        0x0 binaries/rdswrite.o
 .note.GNU-stack
                0x0000000000000000        0x0 binaries/ramclose.o
 .note.GNU-stack
                0x0000000000000000        0x0 binaries/raminit.o
 .note.GNU-stack
                0x0000000000000000        0x0 binaries/ramopen.o
 .note.GNU-stack
                0x0000000000000000        0x0 binaries/ramread.o
 .note.GNU-stack
                0x0000000000000000        0x0 binaries/ramwrite.o
 .note.GNU-stack
                0x0000000000000000        0x0 binaries/lfdballoc.o
 .note.GNU-stack
                0x0000000000000000        0x0 binaries/lfdbfree.o
 .note.GNU-stack
                0x0000000000000000        0x0 binaries/lfflush.o
 .note.GNU-stack
                0x0000000000000000        0x0 binaries/lfgetmode.o
 .note.GNU-stack
                0x0000000000000000        0x0 binaries/lfiballoc.o
 .note.GNU-stack
                0x0000000000000000        0x0 binaries/lfibclear.o
 .note.GNU-stack
                0x0000000000000000        0x0 binaries/lfibget.o
 .note.GNU-stack
                0x0000000000000000        0x0 binaries/lfibput.o
 .note.GNU-stack
                0x0000000000000000        0x0 binaries/lflclose.o
 .note.GNU-stack
                0x0000000000000000        0x0 binaries/lflcontrol.o
 .note.GNU-stack
                0x0000000000000000        0x0 binaries/lflgetc.o
 .note.GNU-stack
                0x0000000000000000        0x0 binaries/lflinit.o
 .note.GNU-stack
                0x0000000000000000        0x0 binaries/lflputc.o
 .note.GNU-stack
                0x0000000000000000        0x0 binaries/lflread.o
 .note.GNU-stack
                0x0000000000000000        0x0 binaries/lflseek.o
 .note.GNU-stack
                0x0000000000000000        0x0 binaries/lflwrite.o
 .note.GNU-stack
                0x0000000000000000        0x0 binaries/lfscheck.o
 .note.GNU-stack
                0x0000000000000000        0x0 binaries/lfsckfmt.o
 .note.GNU-stack
                0x0000000000000000        0x0 binaries/lfscreate.o
 .note.GNU-stack
                0x0000000000000000        0x0 binaries/lfsetup.o
 .note.GNU-stack
                0x0000000000000000        0x0 binaries/lfsinit.o
 .note.GNU-stack
                0x0000000000000000        0x0 binaries/lfsopen.o
 .note.GNU-stack
                0x0000000000000000        0x0 binaries/lftruncate.o
 .note.GNU-stack
                0x0000000000000000        0x0 binaries/rflclose.o
 .note.GNU-stack
                0x0000000000000000        0x0 binaries/rflgetc.o
 .note.GNU-stack
                0x0000000000000000        0x0 binaries/rflinit.o
 .note.GNU-stack
                0x0000000000000000        0x0 binaries/rflputc.o
 .note.GNU-stack
                0x0000000000000000        0x0 binaries/rflread.o
 .note.GNU-stack
                0x0000000000000000        0x0 binaries/rflseek.o
 .note.GNU-stack
                0x0000000000000000        0x0 binaries/rflwrite.o
 .note.GNU-stack
                0x0000000000000000        0x0 binaries/rfscomm.o
 .note.GNU-stack
                0x0000000000000000        0x0 binaries/rfscontrol.o
 .note.GNU-stack
                0x0000000000000000        0x0 binaries/rfsgetmode.o
 .note.GNU-stack
                0x0000000000000000        0x0 binaries/rfsinit.o
 .note.GNU-stack
                0x0000000000000000        0x0 binaries/rfsndmsg.o
 .note.GNU-stack
                0x0000000000000000        0x0 binaries/rfsopen.o
 .note.GNU-stack
                0x0000000000000000        0x0 binaries/arp.o
 .note.GNU-stack
                0x0000000000000000        0x0 binaries/dhcp.o
 .note.GNU-stack
                0x0000000000000000        0x0 binaries/dns.o
 .note.GNU-stack
                0x0000000000000000        0x0 binaries/dot2ip.o
 .note.GNU-stack
                0x0000000000000000        0x0 binaries/hexdump.o
 .note.GNU-stack
                0x0000000000000000        0x0 binaries/icmp.o
 .note.GNU-stack
                0x0000000000000000        0x0 binaries/ip.o
 .note.GNU-stack
                0x0000000000000000        0x0 binaries/net.o
 .note.GNU-stack
                0x0000000000000000        0x0 binaries/pdump.o
 .note.GNU-stack
                0x0000000000000000        0x0 binaries/tftp.o
 .note.GNU-stack
                0x0000000000000000        0x0 binaries/udp.o
 .note.GNU-stack
                0x0000000000000000        0x0 binaries/addargs.o
 .note.GNU-stack
                0x0000000000000000        0x0 binaries/lexan.o
 .note.GNU-stack
                0x0000000000000000        0x0 binaries/shell.o
 .note.GNU-stack
                0x0000000000000000        0x0 binaries/xsh_argecho.o
 .note.GNU-stack
                0x0000000000000000        0x0 binaries/xsh_arp.o
 .note.GNU-stack
                0x0000000000000000        0x0 binaries/xsh_cat.o
 .note.GNU-stack
                0x0000000000000000        0x0 binaries/xsh_clear.o
 .note.GNU-stack
                0x0000000000000000        0x0 binaries/xsh_date.o
 .note.GNU-stack
                0x0000000000000000        0x0 binaries/xsh_devdump.o
 .note.GNU-stack
                0x0000000000000000        0x0 binaries/xsh_echo.o
 .note.GNU-stack
                0x0000000000000000        0x0 binaries/xsh_exit.o
 .note.GNU-stack
                0x0000000000000000        0x0 binaries/xsh_help.o
 .note.GNU-stack
                0x0000000000000000        0x0 binaries/xsh_kill.o
 .note.GNU-stack
                0x0000000000000000        0x0 binaries/xsh_memdump.o
 .note.GNU-stack
                0x0000000000000000        0x0 binaries/xsh_memstat.o
 .note.GNU-stack
                0x0000000000000000        0x0 binaries/xsh_netinfo.o
 .note.GNU-stack
                0x0000000000000000        0x0 binaries/xsh_ping.o
 .note.GNU-stack
                0x0000000000000000        0x0 binaries/xsh_ps.o
 .note.GNU-stack
                0x0000000000000000        0x0 binaries/xsh_reset.o
 .note.GNU-stack
                0x0000000000000000        0x0 binaries/xsh_sleep.o
 .note.GNU-stack
                0x0000000000000000        0x0 binaries/xsh_udpdump.o
 .note.GNU-stack
                0x0000000000000000        0x0 binaries/xsh_udpecho.o
 .note.GNU-stack
                0x0000000000000000        0x0 binaries/xsh_udpserver.o
 .note.GNU-stack
                0x0000000000000000        0x0 binaries/xsh_uptime.o
