
Allocating common symbols
Common symbol       size              file

netbufpool          0x4               binaries/net.o
userlist2           0x2               binaries/ready.o
readylist           0x2               binaries/ready.o
rfltab              0x5a0             binaries/rflinit.o
netportseed         0x8               binaries/net.o
sleepq              0x2               binaries/clkinit.o
nnames              0x4               binaries/naminit.o
udptab              0x168             binaries/udp.o
minheap             0x4               binaries/meminit.o
marks               0x50              binaries/mark.o
currpid             0x4               binaries/initialize.o
Lf_data             0x20c             binaries/lfsinit.o
porttab             0x2d0             binaries/ptinit.o
girmask             0x2               binaries/evec.o
ttytab              0x110             binaries/ttyinit.o
proctab             0x3cf0            binaries/initialize.o
prcount             0x4               binaries/initialize.o
lfltab              0xf00             binaries/lflinit.o
rdstab              0x8c              binaries/rdsinit.o
ethertab            0x130             binaries/ethinit.o
NetData             0xb0              binaries/net.o
nmarks              0x4               binaries/mark.o
initsp              0x4               binaries/i386.o
Defer               0x8               binaries/resched.o
semtab              0x4b0             binaries/initialize.o
maxheap             0x4               binaries/meminit.o
preempt             0x4               binaries/clkinit.o
buftab              0xf0              binaries/bufinit.o
Rf_data             0x18              binaries/rfsinit.o
mkmutex             0x4               binaries/mark.o
userlist4           0x2               binaries/ready.o
clktime             0x4               binaries/clkinit.o
userlist3           0x2               binaries/ready.o
arpcache            0x140             binaries/arp.o
icmptab             0x230             binaries/icmp.o
nbpools             0x4               binaries/bufinit.o
queuetab            0x9c0             binaries/queue.o
ptnextid            0x4               binaries/ptinit.o
boost               0x4               binaries/clkinit.o
Ram                 0x19000           binaries/raminit.o
ipoqueue            0x2c              binaries/ip.o
userlist            0x2               binaries/ready.o
memlist             0x8               binaries/initialize.o
nametab             0x19a0            binaries/naminit.o
ptfree              0x4               binaries/ptinit.o

Memory Configuration

Name             Origin             Length             Attributes
*default*        0x0000000000000000 0xffffffffffffffff

Linker script and memory map

                0x0000000000100000                physbase = 0x100000
                0x0000000000100000                . = physbase
                0x0000000000100000                . = ALIGN (0x1000)

.text           0x0000000000100000    0x1e000
                0x0000000000100000                text = ABSOLUTE (.)
 *(.text .text.*)
 .text          0x0000000000100000      0x165 binaries/start.o
                0x0000000000100020                entry
                0x000000000010003d                start
                0x00000000001000a5                inb
                0x00000000001000ad                inw
                0x00000000001000b6                inl
                0x00000000001000be                outb
                0x00000000001000c8                outw
                0x00000000001000d3                outl
                0x00000000001000dd                _rtcin
                0x00000000001000e8                ___udivsi3
                0x00000000001000f3                ___divsi3
                0x00000000001000ff                sbzero
                0x000000000010010f                bcopy
                0x0000000000100123                insw
                0x0000000000100139                outsw
                0x000000000010014f                lidt
                0x0000000000100157                jumptocode
                0x000000000010015e                jumptobootcode
 .text          0x0000000000100165      0x3e3 binaries/ascdate.o
                0x0000000000100165                ascdate
 .text          0x0000000000100548       0x14 binaries/bufinit.o
                0x0000000000100548                bufinit
 .text          0x000000000010055c       0x9b binaries/chprio.o
                0x000000000010055c                chprio
 .text          0x00000000001005f7      0x218 binaries/clkhandler.o
                0x00000000001005f7                clkhandler
 .text          0x000000000010080f       0x88 binaries/clkinit.o
                0x000000000010080f                clkinit
 .text          0x0000000000100897       0x75 binaries/close.o
                0x0000000000100897                close
 .text          0x000000000010090c        0x0 binaries/conf.o
 .text          0x000000000010090c       0x7b binaries/control.o
                0x000000000010090c                control
 .text          0x0000000000100987      0x32a binaries/create.o
                0x0000000000100987                create
 .text          0x0000000000100cb1      0x4bc binaries/create_user_proc.o
                0x0000000000100cb1                burst_execution
                0x0000000000100dd3                create_user_proc
 .text          0x000000000010116d      0x365 binaries/evec.o
                0x000000000010116d                initevec
                0x00000000001011c4                set_evec
                0x0000000000101266                trap
 .text          0x00000000001014d2       0x19 binaries/exit.o
                0x00000000001014d2                exit
 .text          0x00000000001014eb       0x8c binaries/freebuf.o
                0x00000000001014eb                freebuf
 .text          0x0000000000101577      0x172 binaries/freemem.o
                0x0000000000101577                freemem
 .text          0x00000000001016e9       0x8a binaries/getbuf.o
                0x00000000001016e9                getbuf
 .text          0x0000000000101773       0x75 binaries/getc.o
                0x0000000000101773                getc
 .text          0x00000000001017e8       0x74 binaries/getdev.o
                0x00000000001017e8                getdev
 .text          0x000000000010185c       0xd0 binaries/getitem.o
                0x000000000010185c                getfirst
                0x00000000001018a1                getlast
                0x00000000001018e8                getitem
 .text          0x000000000010192c      0x10a binaries/getmem.o
                0x000000000010192c                getmem
 .text          0x0000000000101a36        0xa binaries/getpid.o
                0x0000000000101a36                getpid
 .text          0x0000000000101a40       0x83 binaries/getprio.o
                0x0000000000101a40                getprio
 .text          0x0000000000101ac3       0xfb binaries/getstk.o
                0x0000000000101ac3                getstk
 .text          0x0000000000101bbe       0x16 binaries/getticks.o
                0x0000000000101bbe                getticks
 .text          0x0000000000101bd4       0x3a binaries/gettime.o
                0x0000000000101bd4                gettime
 .text          0x0000000000101c0e      0x1f0 binaries/getutime.o
                0x0000000000101c0e                getutime
 .text          0x0000000000101dfe      0x3c5 binaries/i386.o
                0x0000000000101dfe                setsegs
                0x0000000000101f10                init8259
                0x0000000000101fc2                pseg
                0x000000000010216a                setirmask
 .text          0x00000000001021c3       0x75 binaries/init.o
                0x00000000001021c3                init
 .text          0x0000000000102238      0x515 binaries/initialize.o
                0x0000000000102238                nulluser
                0x00000000001026f4                stop
                0x000000000010271f                delay
 .text          0x000000000010274d      0x111 binaries/insert.o
                0x000000000010274d                insert
 .text          0x000000000010285e      0x113 binaries/insertd.o
                0x000000000010285e                insertd
 .text          0x0000000000102971        0xa binaries/ioerr.o
                0x0000000000102971                ioerr
 .text          0x000000000010297b        0xa binaries/ionull.o
                0x000000000010297b                ionull
 .text          0x0000000000102985      0x22e binaries/kill.o
                0x0000000000102985                kill
 .text          0x0000000000102bb3      0x14e binaries/kprintf.o
                0x0000000000102bb3                kputc
                0x0000000000102c46                kgetc
                0x0000000000102cd7                kprintf
 .text          0x0000000000102d01      0x476 binaries/main.o
                0x0000000000102d01                print_ready_list
                0x0000000000102f07                print_user_list
                0x00000000001030e8                main
 .text          0x0000000000103177       0xb5 binaries/mark.o
                0x0000000000103177                markinit
                0x000000000010319b                mark
 .text          0x000000000010322c       0xcc binaries/meminit.o
                0x000000000010322c                meminit
 .text          0x00000000001032f8      0x174 binaries/mkbufpool.o
                0x00000000001032f8                mkbufpool
 .text          0x000000000010346c       0x94 binaries/newqueue.o
                0x000000000010346c                newqueue
 .text          0x0000000000103500       0x7b binaries/open.o
                0x0000000000103500                open
 .text          0x000000000010357b       0x20 binaries/panic.o
                0x000000000010357b                panic
 .text          0x000000000010359b      0x489 binaries/pci.o
                0x000000000010359b                pci_init
                0x0000000000103858                find_pci_device
                0x00000000001038a6                pci_bios_read_config_byte
                0x00000000001038e5                pci_bios_read_config_word
                0x0000000000103927                pci_bios_read_config_dword
                0x0000000000103966                pci_bios_write_config_byte
                0x00000000001039a7                pci_bios_write_config_word
                0x00000000001039e9                pci_bios_write_config_dword
 .text          0x0000000000103a24       0xf1 binaries/ptclear.o
                0x0000000000103a24                _ptclear
 .text          0x0000000000103b15       0x9d binaries/ptcount.o
                0x0000000000103b15                ptcount
 .text          0x0000000000103bb2      0x116 binaries/ptcreate.o
                0x0000000000103bb2                ptcreate
 .text          0x0000000000103cc8       0x7f binaries/ptdelete.o
                0x0000000000103cc8                ptdelete
 .text          0x0000000000103d47       0xbf binaries/ptinit.o
                0x0000000000103d47                ptinit
 .text          0x0000000000103e06      0x11b binaries/ptrecv.o
                0x0000000000103e06                ptrecv
 .text          0x0000000000103f21       0x77 binaries/ptreset.o
                0x0000000000103f21                ptreset
 .text          0x0000000000103f98      0x13d binaries/ptsend.o
                0x0000000000103f98                ptsend
 .text          0x00000000001040d5       0x80 binaries/putc.o
                0x00000000001040d5                putc
 .text          0x0000000000104155      0x135 binaries/queue.o
                0x0000000000104155                enqueue
                0x00000000001041fc                dequeue
 .text          0x000000000010428a       0x7b binaries/read.o
                0x000000000010428a                read
 .text          0x0000000000104305      0x19e binaries/ready.o
                0x0000000000104305                ready
 .text          0x00000000001044a3       0x94 binaries/receive.o
                0x00000000001044a3                receive
 .text          0x0000000000104537       0x63 binaries/recvclr.o
                0x0000000000104537                recvclr
 .text          0x000000000010459a       0xf3 binaries/recvtime.o
                0x000000000010459a                recvtime
 .text          0x000000000010468d     0x1c79 binaries/resched.o
                0x000000000010468d                resched
                0x0000000000106291                resched_cntl
 .text          0x0000000000106306       0xff binaries/resume.o
                0x0000000000106306                resume
 .text          0x0000000000106405       0x79 binaries/seek.o
                0x0000000000106405                seek
 .text          0x000000000010647e       0x70 binaries/semcount.o
                0x000000000010647e                semcount
 .text          0x00000000001064ee       0xd6 binaries/semcreate.o
                0x00000000001064ee                semcreate
 .text          0x00000000001065c4       0xcd binaries/semdelete.o
                0x00000000001065c4                semdelete
 .text          0x0000000000106691       0xcb binaries/semreset.o
                0x0000000000106691                semreset
 .text          0x000000000010675c       0xf4 binaries/send.o
                0x000000000010675c                send
 .text          0x0000000000106850       0xa8 binaries/signal.o
                0x0000000000106850                signal
 .text          0x00000000001068f8       0xd6 binaries/signaln.o
                0x00000000001068f8                signaln
 .text          0x00000000001069ce      0x19d binaries/sleep.o
                0x00000000001069ce                sleep
                0x0000000000106a77                sleepms
 .text          0x0000000000106b6b      0x199 binaries/stacktrace.o
                0x0000000000106b6b                stacktrace
 .text          0x0000000000106d04      0x12d binaries/suspend.o
                0x0000000000106d04                suspend
 .text          0x0000000000106e31      0x7c6 binaries/syscall_summary.o
                0x0000000000106e31                pr_status_syscall_summary
 .text          0x00000000001075f7       0xf0 binaries/unsleep.o
                0x00000000001075f7                unsleep
 .text          0x00000000001076e7       0x19 binaries/userret.o
                0x00000000001076e7                userret
 .text          0x0000000000107700      0x112 binaries/wait.o
                0x0000000000107700                wait
 .text          0x0000000000107812       0x72 binaries/wakeup.o
                0x0000000000107812                wakeup
 .text          0x0000000000107884       0x7b binaries/write.o
                0x0000000000107884                write
 .text          0x00000000001078ff       0x1d binaries/xdone.o
                0x00000000001078ff                xdone
 .text          0x000000000010791c       0x28 binaries/yield.o
                0x000000000010791c                yield
 .text          0x0000000000107944       0x11 binaries/abs.o
                0x0000000000107944                abs
 .text          0x0000000000107955       0x8f binaries/atoi.o
                0x0000000000107955                atoi
 .text          0x00000000001079e4       0x8f binaries/atol.o
                0x00000000001079e4                atol
 .text          0x0000000000107a73       0x31 binaries/bzero.o
                0x0000000000107a73                bzero
 .text          0x0000000000107aa4        0x0 binaries/ctype_.o
 .text          0x0000000000107aa4      0x8ed binaries/doprnt.o
                0x0000000000107aa4                _doprnt
 .text          0x0000000000108391      0x65c binaries/doscan.o
                0x0000000000108391                _doscan
 .text          0x00000000001089ed      0x711 binaries/fdoprnt.o
                0x00000000001089ed                _fdoprnt
 .text          0x00000000001090fe       0x29 binaries/fgetc.o
                0x00000000001090fe                fgetc
 .text          0x0000000000109127       0x75 binaries/fgets.o
                0x0000000000109127                fgets
 .text          0x000000000010919c       0x2a binaries/fprintf.o
                0x000000000010919c                fprintf
 .text          0x00000000001091c6       0x2c binaries/fputc.o
                0x00000000001091c6                fputc
 .text          0x00000000001091f2       0x43 binaries/fputs.o
                0x00000000001091f2                fputs
 .text          0x0000000000109235       0x8a binaries/fscanf.o
                0x0000000000109235                fscanf
 .text          0x00000000001092bf       0x38 binaries/getchar.o
                0x00000000001092bf                getchar
 .text          0x00000000001092f7       0x11 binaries/labs.o
                0x00000000001092f7                labs
 .text          0x0000000000109308        0x0 binaries/memchr.o
 .text          0x0000000000109308       0x51 binaries/memcmp.o
                0x0000000000109308                memcmp
 .text          0x0000000000109359       0x3f binaries/memcpy.o
                0x0000000000109359                memcpy
 .text          0x0000000000109398       0x30 binaries/memset.o
                0x0000000000109398                memset
 .text          0x00000000001093c8       0x4e binaries/printf.o
                0x00000000001093c8                printf
 .text          0x0000000000109416       0x3b binaries/putchar.o
                0x0000000000109416                putchar
 .text          0x0000000000109451      0x27e binaries/qsort.o
                0x0000000000109451                qsort
 .text          0x00000000001096cf       0x63 binaries/rand.o
                0x00000000001096cf                rand
                0x00000000001096e7                rand_r
                0x0000000000109725                srand
 .text          0x0000000000109732       0x66 binaries/sprintf.o
                0x0000000000109732                sprintf
 .text          0x0000000000109798       0x70 binaries/sscanf.o
                0x0000000000109798                sscanf
 .text          0x0000000000109808       0x3c binaries/strchr.o
                0x0000000000109808                strchr
 .text          0x0000000000109844       0x45 binaries/strcmp.o
                0x0000000000109844                strcmp
 .text          0x0000000000109889       0x27 binaries/strcpy.o
                0x0000000000109889                strcpy
 .text          0x00000000001098b0       0x26 binaries/strlen.o
                0x00000000001098b0                strlen
 .text          0x00000000001098d6       0x56 binaries/strncat.o
                0x00000000001098d6                strncat
 .text          0x000000000010992c       0x5f binaries/strncmp.o
                0x000000000010992c                strncmp
 .text          0x000000000010998b       0x4f binaries/strncpy.o
                0x000000000010998b                strncpy
 .text          0x00000000001099da       0x2e binaries/strnlen.o
                0x00000000001099da                strnlen
 .text          0x0000000000109a08       0x45 binaries/strrchr.o
                0x0000000000109a08                strrchr
 .text          0x0000000000109a4d       0x6d binaries/strstr.o
                0x0000000000109a4d                strstr
 .text          0x0000000000109aba       0xe4 binaries/ttycontrol.o
                0x0000000000109aba                ttycontrol
 .text          0x0000000000109b9e       0x97 binaries/ttygetc.o
                0x0000000000109b9e                ttygetc
 .text          0x0000000000109c35      0x6ee binaries/ttyhandle_in.o
                0x0000000000109c35                ttyhandle_in
 .text          0x000000000010a323      0x1ae binaries/ttyhandle_out.o
                0x000000000010a323                ttyhandle_out
 .text          0x000000000010a4d1       0xce binaries/ttyhandler.o
                0x000000000010a4d1                ttyhandler
 .text          0x000000000010a59f      0x22f binaries/ttyinit.o
                0x000000000010a59f                ttyinit
 .text          0x000000000010a7ce       0x1b binaries/ttykickout.o
                0x000000000010a7ce                ttykickout
 .text          0x000000000010a7e9       0xb7 binaries/ttyputc.o
                0x000000000010a7e9                ttyputc
 .text          0x000000000010a8a0      0x11b binaries/ttyread.o
                0x000000000010a8a0                ttyread
 .text          0x000000000010a9bb       0x4f binaries/ttywrite.o
                0x000000000010a9bb                ttywrite
 .text          0x000000000010aa0a      0x14b binaries/mount.o
                0x000000000010aa0a                mount
                0x000000000010ab1f                namlen
 .text          0x000000000010ab55      0x1ea binaries/naminit.o
                0x000000000010ab55                naminit
 .text          0x000000000010ad3f      0x211 binaries/nammap.o
                0x000000000010ad3f                nammap
                0x000000000010adca                namrepl
                0x000000000010af00                namcpy
 .text          0x000000000010af50       0x4e binaries/namopen.o
                0x000000000010af50                namopen
 .text          0x000000000010af9e      0xec3 binaries/82545EMInit.o
                0x000000000010affc                _82545EMInit
                0x000000000010bccd                _82545EM_read_phy_reg
                0x000000000010bd93                _82545EM_write_phy_reg
 .text          0x000000000010be61      0x241 binaries/ethcontrol.o
                0x000000000010bebf                ethcontrol
                0x000000000010c035                ethIrqDisable
                0x000000000010c06a                ethIrqEnable
 .text          0x000000000010c0a2      0x252 binaries/ethhandler.o
                0x000000000010c212                ethhandler
 .text          0x000000000010c2f4      0x126 binaries/ethinit.o
                0x000000000010c2f4                ethinit
 .text          0x000000000010c41a      0x1f4 binaries/ethread.o
                0x000000000010c478                ethread
 .text          0x000000000010c60e      0x19f binaries/ethwrite.o
                0x000000000010c66c                ethwrite
 .text          0x000000000010c7ad       0x9e binaries/rdsbufalloc.o
                0x000000000010c7ad                rdsbufalloc
 .text          0x000000000010c84b       0xcc binaries/rdsclose.o
                0x000000000010c84b                rdsclose
 .text          0x000000000010c917      0x2e8 binaries/rdscomm.o
                0x000000000010c917                rdscomm
 .text          0x000000000010cbff      0x233 binaries/rdscontrol.o
                0x000000000010cbff                rdscontrol
 .text          0x000000000010ce32      0x1f3 binaries/rdsinit.o
                0x000000000010ce32                rdsinit
 .text          0x000000000010d025      0x19b binaries/rdsopen.o
                0x000000000010d025                rdsopen
 .text          0x000000000010d1c0      0x461 binaries/rdsprocess.o
                0x000000000010d1c0                rdsprocess
 .text          0x000000000010d621      0x259 binaries/rdsread.o
                0x000000000010d621                rdsread
 .text          0x000000000010d87a      0x1fe binaries/rdswrite.o
                0x000000000010d87a                rdswrite
 .text          0x000000000010da78        0xa binaries/ramclose.o
                0x000000000010da78                ramclose
 .text          0x000000000010da82       0x3e binaries/raminit.o
                0x000000000010da82                raminit
 .text          0x000000000010dac0        0xa binaries/ramopen.o
                0x000000000010dac0                ramopen
 .text          0x000000000010daca       0x32 binaries/ramread.o
                0x000000000010daca                ramread
 .text          0x000000000010dafc       0x32 binaries/ramwrite.o
                0x000000000010dafc                ramwrite
 .text          0x000000000010db2e       0x98 binaries/lfdballoc.o
                0x000000000010db2e                lfdballoc
 .text          0x000000000010dbc6       0x58 binaries/lfdbfree.o
                0x000000000010dbc6                lfdbfree
 .text          0x000000000010dc1e       0xb6 binaries/lfflush.o
                0x000000000010dc1e                lfflush
 .text          0x000000000010dcd4       0xd8 binaries/lfgetmode.o
                0x000000000010dcd4                lfgetmode
 .text          0x000000000010ddac       0x68 binaries/lfiballoc.o
                0x000000000010ddac                lfiballoc
 .text          0x000000000010de14       0x3b binaries/lfibclear.o
                0x000000000010de14                lfibclear
 .text          0x000000000010de4f       0xad binaries/lfibget.o
                0x000000000010de4f                lfibget
 .text          0x000000000010defc       0xdc binaries/lfibput.o
                0x000000000010defc                lfibput
 .text          0x000000000010dfd8       0xa2 binaries/lflclose.o
                0x000000000010dfd8                lflclose
 .text          0x000000000010e07a       0xd0 binaries/lflcontrol.o
                0x000000000010e07a                lflcontrol
 .text          0x000000000010e14a       0xf2 binaries/lflgetc.o
                0x000000000010e14a                lflgetc
 .text          0x000000000010e23c       0xf1 binaries/lflinit.o
                0x000000000010e23c                lflinit
 .text          0x000000000010e32d      0x122 binaries/lflputc.o
                0x000000000010e32d                lflputc
 .text          0x000000000010e44f       0x70 binaries/lflread.o
                0x000000000010e44f                lflread
 .text          0x000000000010e4bf       0xac binaries/lflseek.o
                0x000000000010e4bf                lflseek
 .text          0x000000000010e56b       0x55 binaries/lflwrite.o
                0x000000000010e56b                lflwrite
 .text          0x000000000010e5c0       0x62 binaries/lfscheck.o
                0x000000000010e5c0                lfscheck
 .text          0x000000000010e622      0x175 binaries/lfsckfmt.o
                0x000000000010e622                lfsckfmt
 .text          0x000000000010e797      0x1ad binaries/lfscreate.o
                0x000000000010e797                lfscreate
 .text          0x000000000010e944      0x278 binaries/lfsetup.o
                0x000000000010e944                lfsetup
 .text          0x000000000010ebbc       0x51 binaries/lfsinit.o
                0x000000000010ebbc                lfsinit
 .text          0x000000000010ec0d      0x3c0 binaries/lfsopen.o
                0x000000000010ec0d                lfsopen
 .text          0x000000000010efcd      0x15e binaries/lftruncate.o
                0x000000000010efcd                lftruncate
 .text          0x000000000010f12b       0x71 binaries/rflclose.o
                0x000000000010f12b                rflclose
 .text          0x000000000010f19c       0x32 binaries/rflgetc.o
                0x000000000010f19c                rflgetc
 .text          0x000000000010f1ce       0x76 binaries/rflinit.o
                0x000000000010f1ce                rflinit
 .text          0x000000000010f244       0x33 binaries/rflputc.o
                0x000000000010f244                rflputc
 .text          0x000000000010f277      0x360 binaries/rflread.o
                0x000000000010f277                rflread
 .text          0x000000000010f5d7       0x74 binaries/rflseek.o
                0x000000000010f5d7                rflseek
 .text          0x000000000010f64b      0x34d binaries/rflwrite.o
                0x000000000010f64b                rflwrite
 .text          0x000000000010f998      0x1e2 binaries/rfscomm.o
                0x000000000010f998                rfscomm
 .text          0x000000000010fb7a      0x26d binaries/rfscontrol.o
                0x000000000010fb7a                rfscontrol
 .text          0x000000000010fde7       0xd8 binaries/rfsgetmode.o
                0x000000000010fde7                rfsgetmode
 .text          0x000000000010febf       0x86 binaries/rfsinit.o
                0x000000000010febf                rfsinit
 .text          0x000000000010ff45      0x111 binaries/rfsndmsg.o
                0x000000000010ff45                rfsndmsg
 .text          0x0000000000110056      0x2aa binaries/rfsopen.o
                0x0000000000110056                rfsopen
 .text          0x0000000000110300      0x836 binaries/arp.o
                0x0000000000110300                arp_init
                0x0000000000110332                arp_resolve
                0x00000000001105e6                arp_in
                0x000000000011089e                arp_alloc
                0x000000000011095e                arp_ntoh
                0x0000000000110a4a                arp_hton
 .text          0x0000000000110b36      0x8e3 binaries/dhcp.o
                0x0000000000110b36                dhcp_get_opt_val
                0x0000000000110b8f                dhcp_bld_bootp_msg
                0x0000000000110c9c                dhcp_bld_disc
                0x0000000000110d85                dhcp_bld_req
                0x0000000000110ef7                getlocalip
 .text          0x0000000000111419      0x59f binaries/dns.o
                0x0000000000111419                dnslookup
 .text          0x00000000001119b8       0xe8 binaries/dot2ip.o
                0x00000000001119b8                dot2ip
 .text          0x0000000000111aa0      0x4c4 binaries/hexdump.o
                0x0000000000111aa0                hexdump
                0x0000000000111c47                hexadump
 .text          0x0000000000111f64      0x8af binaries/icmp.o
                0x0000000000111f64                icmp_init
                0x0000000000111f9b                icmp_in
                0x0000000000112171                icmp_register
                0x000000000011226c                icmp_recv
                0x00000000001123f8                icmp_send
                0x0000000000112480                icmp_mkpkt
                0x000000000011259a                icmp_release
                0x0000000000112698                icmp_cksum
                0x000000000011272b                icmp_hton
                0x000000000011279f                icmp_ntoh
 .text          0x0000000000112813      0x8a5 binaries/ip.o
                0x0000000000112813                ip_in
                0x0000000000112997                ip_send
                0x0000000000112af2                ip_local
                0x0000000000112b3e                ip_out
                0x0000000000112c77                ipcksum
                0x0000000000112cfd                ip_ntoh
                0x0000000000112de9                ip_hton
                0x0000000000112ed5                ipout
                0x0000000000113004                ip_enqueue
 .text          0x00000000001130b8      0x2cd binaries/net.o
                0x00000000001130b8                net_init
                0x00000000001131e0                netin
                0x000000000011329d                eth_hton
                0x00000000001132c7                eth_ntoh
                0x00000000001132f1                getport
 .text          0x0000000000113385     0x147f binaries/pdump.o
                0x0000000000113385                pdump
                0x0000000000114142                pdumph
 .text          0x0000000000114804      0x613 binaries/tftp.o
                0x0000000000114804                tftp_send1
                0x000000000011497c                tftpget
                0x00000000001149ae                tftpget_mb
 .text          0x0000000000114e17      0xb82 binaries/udp.o
                0x0000000000114e17                udp_init
                0x0000000000114e4c                udp_in
                0x0000000000114f8e                udp_register
                0x00000000001150cb                udp_recv
                0x0000000000115267                udp_recvaddr
                0x000000000011541b                udp_send
                0x0000000000115603                udp_sendto
                0x00000000001157b4                udp_release
                0x00000000001158af                udp_ntoh
                0x0000000000115924                udp_hton
 .text          0x0000000000115999      0x13f binaries/addargs.o
                0x0000000000115999                addargs
 .text          0x0000000000115ad8      0x2c9 binaries/lexan.o
                0x0000000000115ad8                lexan
 .text          0x0000000000115da1      0x678 binaries/shell.o
                0x0000000000115da1                shell
 .text          0x0000000000116419       0x69 binaries/xsh_argecho.o
                0x0000000000116419                xsh_argecho
 .text          0x0000000000116482      0x275 binaries/xsh_arp.o
                0x0000000000116482                xsh_arp
 .text          0x00000000001166f7      0x2a0 binaries/xsh_cat.o
                0x00000000001166f7                xsh_cat
 .text          0x0000000000116997       0x69 binaries/xsh_clear.o
                0x0000000000116997                xsh_clear
 .text          0x0000000000116a00      0x328 binaries/xsh_date.o
                0x0000000000116a00                xsh_date
 .text          0x0000000000116d28       0xb5 binaries/xsh_devdump.o
                0x0000000000116d28                xsh_devdump
 .text          0x0000000000116ddd       0x72 binaries/xsh_echo.o
                0x0000000000116ddd                xsh_echo
 .text          0x0000000000116e4f        0xa binaries/xsh_exit.o
                0x0000000000116e4f                xsh_exit
 .text          0x0000000000116e59      0x39f binaries/xsh_help.o
                0x0000000000116e59                xsh_help
 .text          0x00000000001171f8      0x274 binaries/xsh_kill.o
                0x00000000001171f8                xsh_kill
 .text          0x000000000011746c      0x57b binaries/xsh_memdump.o
                0x000000000011746c                xsh_memdump
 .text          0x00000000001179e7      0x2c7 binaries/xsh_memstat.o
                0x00000000001179e7                xsh_memstat
 .text          0x0000000000117cae      0x531 binaries/xsh_netinfo.o
                0x0000000000117cae                xsh_netinfo
 .text          0x00000000001181df      0x4d8 binaries/xsh_ping.o
                0x00000000001181df                xsh_ping
 .text          0x00000000001186b7      0x240 binaries/xsh_ps.o
                0x00000000001186b7                xsh_ps
 .text          0x00000000001188f7       0x2f binaries/xsh_reset.o
                0x00000000001188f7                xsh_reset
 .text          0x0000000000118926      0x254 binaries/xsh_sleep.o
                0x0000000000118926                xsh_sleep
 .text          0x0000000000118b7a      0x290 binaries/xsh_udpdump.o
                0x0000000000118b7a                xsh_udpdump
 .text          0x0000000000118e0a      0x50c binaries/xsh_udpecho.o
                0x0000000000118e0a                xsh_udpecho
 .text          0x0000000000119316      0x2e1 binaries/xsh_udpserver.o
                0x0000000000119316                xsh_udpeserver
 .text          0x00000000001195f7      0x209 binaries/xsh_uptime.o
                0x00000000001195f7                xsh_uptime
 .text          0x0000000000119800        0xe binaries/clkdisp.o
                0x0000000000119800                clkdisp
 .text          0x000000000011980e       0x19 binaries/ctxsw.o
                0x000000000011980e                ctxsw
 .text          0x0000000000119827      0x36b binaries/intr.o
                0x0000000000119827                disable
                0x0000000000119830                restore
                0x000000000011983e                enable
                0x0000000000119840                pause
                0x0000000000119847                halt
                0x000000000011984d                spurious_irq7
                0x0000000000119852                spurious_irq15
                0x0000000000119861                _Xint0
                0x000000000011986c                _Xint1
                0x0000000000119877                _Xint2
                0x0000000000119882                _Xint3
                0x000000000011988d                _Xint4
                0x0000000000119898                _Xint5
                0x00000000001198a3                _Xint6
                0x00000000001198ae                _Xint7
                0x00000000001198b9                _Xint8
                0x00000000001198c4                _Xint9
                0x00000000001198cf                _Xint10
                0x00000000001198da                _Xint11
                0x00000000001198e8                _Xint12
                0x00000000001198f6                _Xint13
                0x0000000000119904                _Xint14
                0x0000000000119912                _Xint15
                0x0000000000119920                _Xint16
                0x000000000011992e                _Xint17
                0x000000000011993c                _Xint18
                0x000000000011994a                _Xint19
                0x0000000000119958                _Xint20
                0x0000000000119966                _Xint21
                0x0000000000119974                _Xint22
                0x0000000000119982                _Xint23
                0x0000000000119990                _Xint24
                0x000000000011999e                _Xint25
                0x00000000001199ac                _Xint26
                0x00000000001199ba                _Xint27
                0x00000000001199c8                _Xint28
                0x00000000001199d6                _Xint29
                0x00000000001199e4                _Xint30
                0x00000000001199f2                _Xint31
                0x0000000000119a00                _Xint32
                0x0000000000119a0e                _Xint33
                0x0000000000119a1c                _Xint34
                0x0000000000119a2a                _Xint35
                0x0000000000119a38                _Xint36
                0x0000000000119a46                _Xint37
                0x0000000000119a54                _Xint38
                0x0000000000119a62                _Xint39
                0x0000000000119a70                _Xint40
                0x0000000000119a7e                _Xint41
                0x0000000000119a8c                _Xint42
                0x0000000000119a9a                _Xint43
                0x0000000000119aa8                _Xint44
                0x0000000000119ab6                _Xint45
                0x0000000000119ac4                _Xint46
                0x0000000000119ad2                defevec
 .text          0x0000000000119b92        0xf binaries/ttydispatch.o
                0x0000000000119b92                ttydispatch
 .text          0x0000000000119ba1       0x13 binaries/ethdispatch.o
                0x0000000000119ba1                ethdispatch
 *(.rodata .rodata.*)
 .rodata        0x0000000000119bb4       0x8e binaries/ascdate.o
 .rodata        0x0000000000119c42       0xae binaries/conf.o
 .rodata        0x0000000000119cf0       0x16 binaries/create_user_proc.o
 *fill*         0x0000000000119d06        0x2 
 .rodata        0x0000000000119d08      0x22f binaries/evec.o
 *fill*         0x0000000000119f37        0x1 
 .rodata        0x0000000000119f38       0x61 binaries/getutime.o
 *fill*         0x0000000000119f99        0x3 
 .rodata        0x0000000000119f9c       0x90 binaries/i386.o
 .rodata        0x000000000011a02c      0x180 binaries/initialize.o
 .rodata        0x000000000011a1ac       0x38 binaries/kill.o
 *fill*         0x000000000011a1e4       0x1c 
 .rodata        0x000000000011a200      0x208 binaries/main.o
 .rodata        0x000000000011a408        0xf binaries/panic.o
 *fill*         0x000000000011a417        0x1 
 .rodata        0x000000000011a418      0x1ec binaries/pci.o
 .rodata        0x000000000011a604       0x1d binaries/ptinit.o
 *fill*         0x000000000011a621        0x3 
 .rodata        0x000000000011a624       0x25 binaries/ptsend.o
 *fill*         0x000000000011a649        0x3 
 .rodata        0x000000000011a64c       0x4f binaries/ready.o
 .rodata        0x000000000011a69b       0x26 binaries/resched.o
 *fill*         0x000000000011a6c1        0x3 
 .rodata        0x000000000011a6c4       0xb7 binaries/stacktrace.o
 *fill*         0x000000000011a77b        0x1 
 .rodata        0x000000000011a77c      0x114 binaries/syscall_summary.o
 .rodata        0x000000000011a890       0x27 binaries/xdone.o
 *fill*         0x000000000011a8b7        0x9 
 .rodata        0x000000000011a8c0       0x81 binaries/ctype_.o
                0x000000000011a8c0                _ctype_
 *fill*         0x000000000011a941        0x3 
 .rodata        0x000000000011a944       0xee binaries/doprnt.o
 *fill*         0x000000000011aa32        0x2 
 .rodata        0x000000000011aa34       0x98 binaries/doscan.o
 .rodata        0x000000000011aacc       0xae binaries/fdoprnt.o
 *fill*         0x000000000011ab7a        0x2 
 .rodata        0x000000000011ab7c       0x20 binaries/ttycontrol.o
 .rodata        0x000000000011ab9c       0x34 binaries/ttyhandler.o
 .rodata        0x000000000011abd0       0x80 binaries/naminit.o
 .rodata        0x000000000011ac50       0x2e binaries/82545EMInit.o
 *fill*         0x000000000011ac7e        0x2 
 .rodata        0x000000000011ac80       0x78 binaries/ethinit.o
 .rodata        0x000000000011acf8       0x18 binaries/ethread.o
 .rodata        0x000000000011ad10       0x2c binaries/rdsbufalloc.o
 .rodata        0x000000000011ad3c       0x76 binaries/rdscomm.o
 *fill*         0x000000000011adb2        0x2 
 .rodata        0x000000000011adb4       0x48 binaries/rdscontrol.o
 .rodata        0x000000000011adfc       0x96 binaries/rdsinit.o
 *fill*         0x000000000011ae92        0x2 
 .rodata        0x000000000011ae94       0x22 binaries/rdsopen.o
 *fill*         0x000000000011aeb6        0x2 
 .rodata        0x000000000011aeb8       0x4d binaries/rdsprocess.o
 .rodata        0x000000000011af05        0x9 binaries/raminit.o
 *fill*         0x000000000011af0e        0x2 
 .rodata        0x000000000011af10       0x37 binaries/lfdballoc.o
 .rodata        0x000000000011af47       0x14 binaries/lfiballoc.o
 *fill*         0x000000000011af5b        0x1 
 .rodata        0x000000000011af5c       0x23 binaries/lflcontrol.o
 *fill*         0x000000000011af7f        0x1 
 .rodata        0x000000000011af80      0x11b binaries/lfsckfmt.o
 *fill*         0x000000000011b09b        0x1 
 .rodata        0x000000000011b09c       0x2a binaries/lfsopen.o
 *fill*         0x000000000011b0c6        0x2 
 .rodata        0x000000000011b0c8       0x21 binaries/rflread.o
 *fill*         0x000000000011b0e9        0x3 
 .rodata        0x000000000011b0ec       0x21 binaries/rflwrite.o
 *fill*         0x000000000011b10d        0x3 
 .rodata        0x000000000011b110       0x75 binaries/rfscomm.o
 *fill*         0x000000000011b185        0x3 
 .rodata        0x000000000011b188       0x3c binaries/rfscontrol.o
 .rodata        0x000000000011b1c4       0x63 binaries/rfsinit.o
 *fill*         0x000000000011b227        0x1 
 .rodata        0x000000000011b228       0x2a binaries/rfsndmsg.o
 *fill*         0x000000000011b252        0x2 
 .rodata        0x000000000011b254       0x22 binaries/rfsopen.o
 *fill*         0x000000000011b276        0x2 
 .rodata        0x000000000011b278       0x3a binaries/arp.o
 *fill*         0x000000000011b2b2        0x2 
 .rodata        0x000000000011b2b4       0xcf binaries/dhcp.o
 .rodata        0x000000000011b383       0x1a binaries/dns.o
 *fill*         0x000000000011b39d        0x3 
 .rodata        0x000000000011b3a0       0xc9 binaries/hexdump.o
 *fill*         0x000000000011b469        0x3 
 .rodata        0x000000000011b46c       0x29 binaries/icmp.o
 *fill*         0x000000000011b495        0x3 
 .rodata        0x000000000011b498       0x6e binaries/ip.o
 *fill*         0x000000000011b506        0x2 
 .rodata        0x000000000011b508       0x4f binaries/net.o
 *fill*         0x000000000011b557        0x1 
 .rodata        0x000000000011b558      0x26f binaries/pdump.o
 *fill*         0x000000000011b7c7        0x1 
 .rodata        0x000000000011b7c8      0x154 binaries/tftp.o
 *fill*         0x000000000011b91c        0x4 
 .rodata        0x000000000011b920      0x3ed binaries/shell.o
                0x000000000011b9c0                cmdtab
 .rodata        0x000000000011bd0d       0x28 binaries/xsh_argecho.o
 *fill*         0x000000000011bd35        0x3 
 .rodata        0x000000000011bd38      0x123 binaries/xsh_arp.o
 *fill*         0x000000000011be5b        0x1 
 .rodata        0x000000000011be5c       0xc9 binaries/xsh_cat.o
 .rodata        0x000000000011bf25       0x19 binaries/xsh_clear.o
 *fill*         0x000000000011bf3e        0x2 
 .rodata        0x000000000011bf40      0x1c3 binaries/xsh_date.o
 .rodata        0x000000000011c103       0x5d binaries/xsh_devdump.o
 .rodata        0x000000000011c160        0x9 binaries/xsh_echo.o
 *fill*         0x000000000011c169        0x3 
 .rodata        0x000000000011c16c      0x169 binaries/xsh_help.o
 *fill*         0x000000000011c2d5        0x3 
 .rodata        0x000000000011c2d8      0x12e binaries/xsh_kill.o
 *fill*         0x000000000011c406        0x2 
 .rodata        0x000000000011c408      0x266 binaries/xsh_memdump.o
 *fill*         0x000000000011c66e        0x2 
 .rodata        0x000000000011c670      0x225 binaries/xsh_memstat.o
 *fill*         0x000000000011c895        0x3 
 .rodata        0x000000000011c898      0x1b0 binaries/xsh_netinfo.o
 .rodata        0x000000000011ca48      0x1a1 binaries/xsh_ping.o
 *fill*         0x000000000011cbe9       0x17 
 .rodata        0x000000000011cc00      0x1e0 binaries/xsh_ps.o
 .rodata        0x000000000011cde0       0x15 binaries/xsh_reset.o
 *fill*         0x000000000011cdf5        0x3 
 .rodata        0x000000000011cdf8       0xeb binaries/xsh_sleep.o
 *fill*         0x000000000011cee3        0x1 
 .rodata        0x000000000011cee4      0x1b8 binaries/xsh_udpdump.o
 .rodata        0x000000000011d09c      0x215 binaries/xsh_udpecho.o
 *fill*         0x000000000011d2b1        0x3 
 .rodata        0x000000000011d2b4      0x12b binaries/xsh_udpserver.o
 *fill*         0x000000000011d3df        0x1 
 .rodata        0x000000000011d3e0      0x105 binaries/xsh_uptime.o
                0x000000000011d4e5                etext = ABSOLUTE (.)
                0x000000000011e000                . = ALIGN (0x1000)
 *fill*         0x000000000011d4e5      0xb1b 

.eh_frame       0x000000000011e000     0x2d84
 .eh_frame      0x000000000011e000       0x38 binaries/ascdate.o
 .eh_frame      0x000000000011e038       0x20 binaries/bufinit.o
                                         0x38 (size before relaxing)
 .eh_frame      0x000000000011e058       0x20 binaries/chprio.o
                                         0x38 (size before relaxing)
 .eh_frame      0x000000000011e078       0x28 binaries/clkhandler.o
                                         0x40 (size before relaxing)
 .eh_frame      0x000000000011e0a0       0x20 binaries/clkinit.o
                                         0x38 (size before relaxing)
 .eh_frame      0x000000000011e0c0       0x20 binaries/close.o
                                         0x38 (size before relaxing)
 .eh_frame      0x000000000011e0e0       0x20 binaries/control.o
                                         0x38 (size before relaxing)
 .eh_frame      0x000000000011e100       0x40 binaries/create.o
                                         0x58 (size before relaxing)
 .eh_frame      0x000000000011e140       0x64 binaries/create_user_proc.o
                                         0x7c (size before relaxing)
 .eh_frame      0x000000000011e1a4       0x60 binaries/evec.o
                                         0x78 (size before relaxing)
 .eh_frame      0x000000000011e204       0x20 binaries/exit.o
                                         0x38 (size before relaxing)
 .eh_frame      0x000000000011e224       0x20 binaries/freebuf.o
                                         0x38 (size before relaxing)
 .eh_frame      0x000000000011e244       0x20 binaries/freemem.o
                                         0x38 (size before relaxing)
 .eh_frame      0x000000000011e264       0x20 binaries/getbuf.o
                                         0x38 (size before relaxing)
 .eh_frame      0x000000000011e284       0x20 binaries/getc.o
                                         0x38 (size before relaxing)
 .eh_frame      0x000000000011e2a4       0x20 binaries/getdev.o
                                         0x38 (size before relaxing)
 .eh_frame      0x000000000011e2c4       0x60 binaries/getitem.o
                                         0x78 (size before relaxing)
 .eh_frame      0x000000000011e324       0x20 binaries/getmem.o
                                         0x38 (size before relaxing)
 .eh_frame      0x000000000011e344       0x20 binaries/getpid.o
                                         0x38 (size before relaxing)
 .eh_frame      0x000000000011e364       0x20 binaries/getprio.o
                                         0x38 (size before relaxing)
 .eh_frame      0x000000000011e384       0x20 binaries/getstk.o
                                         0x38 (size before relaxing)
 .eh_frame      0x000000000011e3a4       0x20 binaries/getticks.o
                                         0x38 (size before relaxing)
 .eh_frame      0x000000000011e3c4       0x20 binaries/gettime.o
                                         0x38 (size before relaxing)
 .eh_frame      0x000000000011e3e4       0x20 binaries/getutime.o
                                         0x38 (size before relaxing)
 .eh_frame      0x000000000011e404       0x8c binaries/i386.o
                                         0xa4 (size before relaxing)
 .eh_frame      0x000000000011e490       0x20 binaries/init.o
                                         0x38 (size before relaxing)
 .eh_frame      0x000000000011e4b0       0xa0 binaries/initialize.o
                                         0xb8 (size before relaxing)
 .eh_frame      0x000000000011e550       0x20 binaries/insert.o
                                         0x38 (size before relaxing)
 .eh_frame      0x000000000011e570       0x20 binaries/insertd.o
                                         0x38 (size before relaxing)
 .eh_frame      0x000000000011e590       0x20 binaries/ioerr.o
                                         0x38 (size before relaxing)
 .eh_frame      0x000000000011e5b0       0x20 binaries/ionull.o
                                         0x38 (size before relaxing)
 .eh_frame      0x000000000011e5d0       0x20 binaries/kill.o
                                         0x38 (size before relaxing)
 .eh_frame      0x000000000011e5f0       0x60 binaries/kprintf.o
                                         0x78 (size before relaxing)
 .eh_frame      0x000000000011e650       0x8c binaries/main.o
                                         0xa4 (size before relaxing)
 .eh_frame      0x000000000011e6dc       0x40 binaries/mark.o
                                         0x58 (size before relaxing)
 .eh_frame      0x000000000011e71c       0x20 binaries/meminit.o
                                         0x38 (size before relaxing)
 .eh_frame      0x000000000011e73c       0x20 binaries/mkbufpool.o
                                         0x38 (size before relaxing)
 .eh_frame      0x000000000011e75c       0x20 binaries/newqueue.o
                                         0x38 (size before relaxing)
 .eh_frame      0x000000000011e77c       0x20 binaries/open.o
                                         0x38 (size before relaxing)
 .eh_frame      0x000000000011e79c       0x1c binaries/panic.o
                                         0x34 (size before relaxing)
 .eh_frame      0x000000000011e7b8      0x1c8 binaries/pci.o
                                        0x1e0 (size before relaxing)
 .eh_frame      0x000000000011e980       0x20 binaries/ptclear.o
                                         0x38 (size before relaxing)
 .eh_frame      0x000000000011e9a0       0x20 binaries/ptcount.o
                                         0x38 (size before relaxing)
 .eh_frame      0x000000000011e9c0       0x20 binaries/ptcreate.o
                                         0x38 (size before relaxing)
 .eh_frame      0x000000000011e9e0       0x20 binaries/ptdelete.o
                                         0x38 (size before relaxing)
 .eh_frame      0x000000000011ea00       0x20 binaries/ptinit.o
                                         0x38 (size before relaxing)
 .eh_frame      0x000000000011ea20       0x20 binaries/ptrecv.o
                                         0x38 (size before relaxing)
 .eh_frame      0x000000000011ea40       0x20 binaries/ptreset.o
                                         0x38 (size before relaxing)
 .eh_frame      0x000000000011ea60       0x20 binaries/ptsend.o
                                         0x38 (size before relaxing)
 .eh_frame      0x000000000011ea80       0x20 binaries/putc.o
                                         0x38 (size before relaxing)
 .eh_frame      0x000000000011eaa0       0x40 binaries/queue.o
                                         0x58 (size before relaxing)
 .eh_frame      0x000000000011eae0       0x20 binaries/read.o
                                         0x38 (size before relaxing)
 .eh_frame      0x000000000011eb00       0x24 binaries/ready.o
                                         0x3c (size before relaxing)
 .eh_frame      0x000000000011eb24       0x20 binaries/receive.o
                                         0x38 (size before relaxing)
 .eh_frame      0x000000000011eb44       0x20 binaries/recvclr.o
                                         0x38 (size before relaxing)
 .eh_frame      0x000000000011eb64       0x20 binaries/recvtime.o
                                         0x38 (size before relaxing)
 .eh_frame      0x000000000011eb84       0x40 binaries/resched.o
                                         0x58 (size before relaxing)
 .eh_frame      0x000000000011ebc4       0x20 binaries/resume.o
                                         0x38 (size before relaxing)
 .eh_frame      0x000000000011ebe4       0x20 binaries/seek.o
                                         0x38 (size before relaxing)
 .eh_frame      0x000000000011ec04       0x20 binaries/semcount.o
                                         0x38 (size before relaxing)
 .eh_frame      0x000000000011ec24       0x40 binaries/semcreate.o
                                         0x58 (size before relaxing)
 .eh_frame      0x000000000011ec64       0x20 binaries/semdelete.o
                                         0x38 (size before relaxing)
 .eh_frame      0x000000000011ec84       0x20 binaries/semreset.o
                                         0x38 (size before relaxing)
 .eh_frame      0x000000000011eca4       0x20 binaries/send.o
                                         0x38 (size before relaxing)
 .eh_frame      0x000000000011ecc4       0x20 binaries/signal.o
                                         0x38 (size before relaxing)
 .eh_frame      0x000000000011ece4       0x20 binaries/signaln.o
                                         0x38 (size before relaxing)
 .eh_frame      0x000000000011ed04       0x48 binaries/sleep.o
                                         0x60 (size before relaxing)
 .eh_frame      0x000000000011ed4c       0x20 binaries/stacktrace.o
                                         0x38 (size before relaxing)
 .eh_frame      0x000000000011ed6c       0x20 binaries/suspend.o
                                         0x38 (size before relaxing)
 .eh_frame      0x000000000011ed8c       0x24 binaries/syscall_summary.o
                                         0x3c (size before relaxing)
 .eh_frame      0x000000000011edb0       0x20 binaries/unsleep.o
                                         0x38 (size before relaxing)
 .eh_frame      0x000000000011edd0       0x20 binaries/userret.o
                                         0x38 (size before relaxing)
 .eh_frame      0x000000000011edf0       0x20 binaries/wait.o
                                         0x38 (size before relaxing)
 .eh_frame      0x000000000011ee10       0x20 binaries/wakeup.o
                                         0x38 (size before relaxing)
 .eh_frame      0x000000000011ee30       0x20 binaries/write.o
                                         0x38 (size before relaxing)
 .eh_frame      0x000000000011ee50       0x20 binaries/xdone.o
                                         0x38 (size before relaxing)
 .eh_frame      0x000000000011ee70       0x20 binaries/yield.o
                                         0x38 (size before relaxing)
 .eh_frame      0x000000000011ee90       0x20 binaries/abs.o
                                         0x38 (size before relaxing)
 .eh_frame      0x000000000011eeb0       0x20 binaries/atoi.o
                                         0x38 (size before relaxing)
 .eh_frame      0x000000000011eed0       0x20 binaries/atol.o
                                         0x38 (size before relaxing)
 .eh_frame      0x000000000011eef0       0x20 binaries/bzero.o
                                         0x38 (size before relaxing)
 .eh_frame      0x000000000011ef10       0xe0 binaries/doprnt.o
                                         0xf8 (size before relaxing)
 .eh_frame      0x000000000011eff0       0xb0 binaries/doscan.o
                                         0xc8 (size before relaxing)
 .eh_frame      0x000000000011f0a0       0xc0 binaries/fdoprnt.o
                                         0xd8 (size before relaxing)
 .eh_frame      0x000000000011f160       0x20 binaries/fgetc.o
                                         0x38 (size before relaxing)
 .eh_frame      0x000000000011f180       0x20 binaries/fgets.o
                                         0x38 (size before relaxing)
 .eh_frame      0x000000000011f1a0       0x20 binaries/fprintf.o
                                         0x38 (size before relaxing)
 .eh_frame      0x000000000011f1c0       0x20 binaries/fputc.o
                                         0x38 (size before relaxing)
 .eh_frame      0x000000000011f1e0       0x20 binaries/fputs.o
                                         0x38 (size before relaxing)
 .eh_frame      0x000000000011f200       0x60 binaries/fscanf.o
                                         0x78 (size before relaxing)
 .eh_frame      0x000000000011f260       0x20 binaries/getchar.o
                                         0x38 (size before relaxing)
 .eh_frame      0x000000000011f280       0x20 binaries/labs.o
                                         0x38 (size before relaxing)
 .eh_frame      0x000000000011f2a0       0x20 binaries/memcmp.o
                                         0x38 (size before relaxing)
 .eh_frame      0x000000000011f2c0       0x24 binaries/memcpy.o
                                         0x3c (size before relaxing)
 .eh_frame      0x000000000011f2e4       0x24 binaries/memset.o
                                         0x3c (size before relaxing)
 .eh_frame      0x000000000011f308       0x20 binaries/printf.o
                                         0x38 (size before relaxing)
 .eh_frame      0x000000000011f328       0x20 binaries/putchar.o
                                         0x38 (size before relaxing)
 .eh_frame      0x000000000011f348       0xa8 binaries/qsort.o
                                         0xc0 (size before relaxing)
 .eh_frame      0x000000000011f3f0       0x60 binaries/rand.o
                                         0x78 (size before relaxing)
 .eh_frame      0x000000000011f450       0x40 binaries/sprintf.o
                                         0x58 (size before relaxing)
 .eh_frame      0x000000000011f490       0x60 binaries/sscanf.o
                                         0x78 (size before relaxing)
 .eh_frame      0x000000000011f4f0       0x20 binaries/strchr.o
                                         0x38 (size before relaxing)
 .eh_frame      0x000000000011f510       0x20 binaries/strcmp.o
                                         0x38 (size before relaxing)
 .eh_frame      0x000000000011f530       0x20 binaries/strcpy.o
                                         0x38 (size before relaxing)
 .eh_frame      0x000000000011f550       0x20 binaries/strlen.o
                                         0x38 (size before relaxing)
 .eh_frame      0x000000000011f570       0x20 binaries/strncat.o
                                         0x38 (size before relaxing)
 .eh_frame      0x000000000011f590       0x20 binaries/strncmp.o
                                         0x38 (size before relaxing)
 .eh_frame      0x000000000011f5b0       0x28 binaries/strncpy.o
                                         0x40 (size before relaxing)
 .eh_frame      0x000000000011f5d8       0x20 binaries/strnlen.o
                                         0x38 (size before relaxing)
 .eh_frame      0x000000000011f5f8       0x20 binaries/strrchr.o
                                         0x38 (size before relaxing)
 .eh_frame      0x000000000011f618       0x20 binaries/strstr.o
                                         0x38 (size before relaxing)
 .eh_frame      0x000000000011f638       0x20 binaries/ttycontrol.o
                                         0x38 (size before relaxing)
 .eh_frame      0x000000000011f658       0x20 binaries/ttygetc.o
                                         0x38 (size before relaxing)
 .eh_frame      0x000000000011f678       0x80 binaries/ttyhandle_in.o
                                         0x98 (size before relaxing)
 .eh_frame      0x000000000011f6f8       0x20 binaries/ttyhandle_out.o
                                         0x38 (size before relaxing)
 .eh_frame      0x000000000011f718       0x20 binaries/ttyhandler.o
                                         0x38 (size before relaxing)
 .eh_frame      0x000000000011f738       0x20 binaries/ttyinit.o
                                         0x38 (size before relaxing)
 .eh_frame      0x000000000011f758       0x20 binaries/ttykickout.o
                                         0x38 (size before relaxing)
 .eh_frame      0x000000000011f778       0x20 binaries/ttyputc.o
                                         0x38 (size before relaxing)
 .eh_frame      0x000000000011f798       0x24 binaries/ttyread.o
                                         0x3c (size before relaxing)
 .eh_frame      0x000000000011f7bc       0x20 binaries/ttywrite.o
                                         0x38 (size before relaxing)
 .eh_frame      0x000000000011f7dc       0x40 binaries/mount.o
                                         0x58 (size before relaxing)
 .eh_frame      0x000000000011f81c       0x20 binaries/naminit.o
                                         0x38 (size before relaxing)
 .eh_frame      0x000000000011f83c       0x60 binaries/nammap.o
                                         0x78 (size before relaxing)
 .eh_frame      0x000000000011f89c       0x20 binaries/namopen.o
                                         0x38 (size before relaxing)
 .eh_frame      0x000000000011f8bc      0x150 binaries/82545EMInit.o
                                        0x168 (size before relaxing)
 .eh_frame      0x000000000011fa0c       0xa0 binaries/ethcontrol.o
                                         0xb8 (size before relaxing)
 .eh_frame      0x000000000011faac       0x80 binaries/ethhandler.o
                                         0x98 (size before relaxing)
 .eh_frame      0x000000000011fb2c       0x20 binaries/ethinit.o
                                         0x38 (size before relaxing)
 .eh_frame      0x000000000011fb4c       0x60 binaries/ethread.o
                                         0x78 (size before relaxing)
 .eh_frame      0x000000000011fbac       0x60 binaries/ethwrite.o
                                         0x78 (size before relaxing)
 .eh_frame      0x000000000011fc0c       0x20 binaries/rdsbufalloc.o
                                         0x38 (size before relaxing)
 .eh_frame      0x000000000011fc2c       0x20 binaries/rdsclose.o
                                         0x38 (size before relaxing)
 .eh_frame      0x000000000011fc4c       0x20 binaries/rdscomm.o
                                         0x38 (size before relaxing)
 .eh_frame      0x000000000011fc6c       0x20 binaries/rdscontrol.o
                                         0x38 (size before relaxing)
 .eh_frame      0x000000000011fc8c       0x20 binaries/rdsinit.o
                                         0x38 (size before relaxing)
 .eh_frame      0x000000000011fcac       0x20 binaries/rdsopen.o
                                         0x38 (size before relaxing)
 .eh_frame      0x000000000011fccc       0x1c binaries/rdsprocess.o
                                         0x34 (size before relaxing)
 .eh_frame      0x000000000011fce8       0x20 binaries/rdsread.o
                                         0x38 (size before relaxing)
 .eh_frame      0x000000000011fd08       0x20 binaries/rdswrite.o
                                         0x38 (size before relaxing)
 .eh_frame      0x000000000011fd28       0x20 binaries/ramclose.o
                                         0x38 (size before relaxing)
 .eh_frame      0x000000000011fd48       0x20 binaries/raminit.o
                                         0x38 (size before relaxing)
 .eh_frame      0x000000000011fd68       0x20 binaries/ramopen.o
                                         0x38 (size before relaxing)
 .eh_frame      0x000000000011fd88       0x20 binaries/ramread.o
                                         0x38 (size before relaxing)
 .eh_frame      0x000000000011fda8       0x20 binaries/ramwrite.o
                                         0x38 (size before relaxing)
 .eh_frame      0x000000000011fdc8       0x20 binaries/lfdballoc.o
                                         0x38 (size before relaxing)
 .eh_frame      0x000000000011fde8       0x20 binaries/lfdbfree.o
                                         0x38 (size before relaxing)
 .eh_frame      0x000000000011fe08       0x20 binaries/lfflush.o
                                         0x38 (size before relaxing)
 .eh_frame      0x000000000011fe28       0x20 binaries/lfgetmode.o
                                         0x38 (size before relaxing)
 .eh_frame      0x000000000011fe48       0x20 binaries/lfiballoc.o
                                         0x38 (size before relaxing)
 .eh_frame      0x000000000011fe68       0x20 binaries/lfibclear.o
                                         0x38 (size before relaxing)
 .eh_frame      0x000000000011fe88       0x20 binaries/lfibget.o
                                         0x38 (size before relaxing)
 .eh_frame      0x000000000011fea8       0x20 binaries/lfibput.o
                                         0x38 (size before relaxing)
 .eh_frame      0x000000000011fec8       0x20 binaries/lflclose.o
                                         0x38 (size before relaxing)
 .eh_frame      0x000000000011fee8       0x20 binaries/lflcontrol.o
                                         0x38 (size before relaxing)
 .eh_frame      0x000000000011ff08       0x20 binaries/lflgetc.o
                                         0x38 (size before relaxing)
 .eh_frame      0x000000000011ff28       0x20 binaries/lflinit.o
                                         0x38 (size before relaxing)
 .eh_frame      0x000000000011ff48       0x20 binaries/lflputc.o
                                         0x38 (size before relaxing)
 .eh_frame      0x000000000011ff68       0x20 binaries/lflread.o
                                         0x38 (size before relaxing)
 .eh_frame      0x000000000011ff88       0x20 binaries/lflseek.o
                                         0x38 (size before relaxing)
 .eh_frame      0x000000000011ffa8       0x20 binaries/lflwrite.o
                                         0x38 (size before relaxing)
 .eh_frame      0x000000000011ffc8       0x20 binaries/lfscheck.o
                                         0x38 (size before relaxing)
 .eh_frame      0x000000000011ffe8       0x20 binaries/lfsckfmt.o
                                         0x38 (size before relaxing)
 .eh_frame      0x0000000000120008       0x20 binaries/lfscreate.o
                                         0x38 (size before relaxing)
 .eh_frame      0x0000000000120028       0x20 binaries/lfsetup.o
                                         0x38 (size before relaxing)
 .eh_frame      0x0000000000120048       0x20 binaries/lfsinit.o
                                         0x38 (size before relaxing)
 .eh_frame      0x0000000000120068       0x20 binaries/lfsopen.o
                                         0x38 (size before relaxing)
 .eh_frame      0x0000000000120088       0x20 binaries/lftruncate.o
                                         0x38 (size before relaxing)
 .eh_frame      0x00000000001200a8       0x20 binaries/rflclose.o
                                         0x38 (size before relaxing)
 .eh_frame      0x00000000001200c8       0x20 binaries/rflgetc.o
                                         0x38 (size before relaxing)
 .eh_frame      0x00000000001200e8       0x20 binaries/rflinit.o
                                         0x38 (size before relaxing)
 .eh_frame      0x0000000000120108       0x20 binaries/rflputc.o
                                         0x38 (size before relaxing)
 .eh_frame      0x0000000000120128       0x20 binaries/rflread.o
                                         0x38 (size before relaxing)
 .eh_frame      0x0000000000120148       0x20 binaries/rflseek.o
                                         0x38 (size before relaxing)
 .eh_frame      0x0000000000120168       0x20 binaries/rflwrite.o
                                         0x38 (size before relaxing)
 .eh_frame      0x0000000000120188       0x20 binaries/rfscomm.o
                                         0x38 (size before relaxing)
 .eh_frame      0x00000000001201a8       0x20 binaries/rfscontrol.o
                                         0x38 (size before relaxing)
 .eh_frame      0x00000000001201c8       0x20 binaries/rfsgetmode.o
                                         0x38 (size before relaxing)
 .eh_frame      0x00000000001201e8       0x20 binaries/rfsinit.o
                                         0x38 (size before relaxing)
 .eh_frame      0x0000000000120208       0x20 binaries/rfsndmsg.o
                                         0x38 (size before relaxing)
 .eh_frame      0x0000000000120228       0x20 binaries/rfsopen.o
                                         0x38 (size before relaxing)
 .eh_frame      0x0000000000120248       0xc0 binaries/arp.o
                                         0xd8 (size before relaxing)
 .eh_frame      0x0000000000120308       0xa0 binaries/dhcp.o
                                         0xb8 (size before relaxing)
 .eh_frame      0x00000000001203a8       0x80 binaries/dns.o
                                         0x98 (size before relaxing)
 .eh_frame      0x0000000000120428       0x20 binaries/dot2ip.o
                                         0x38 (size before relaxing)
 .eh_frame      0x0000000000120448       0x40 binaries/hexdump.o
                                         0x58 (size before relaxing)
 .eh_frame      0x0000000000120488      0x14c binaries/icmp.o
                                        0x164 (size before relaxing)
 .eh_frame      0x00000000001205d4      0x11c binaries/ip.o
                                        0x134 (size before relaxing)
 .eh_frame      0x00000000001206f0       0xa0 binaries/net.o
                                         0xb8 (size before relaxing)
 .eh_frame      0x0000000000120790       0x60 binaries/pdump.o
                                         0x78 (size before relaxing)
 .eh_frame      0x00000000001207f0       0x60 binaries/tftp.o
                                         0x78 (size before relaxing)
 .eh_frame      0x0000000000120850      0x140 binaries/udp.o
                                        0x158 (size before relaxing)
 .eh_frame      0x0000000000120990       0x20 binaries/addargs.o
                                         0x38 (size before relaxing)
 .eh_frame      0x00000000001209b0       0x20 binaries/lexan.o
                                         0x38 (size before relaxing)
 .eh_frame      0x00000000001209d0       0x24 binaries/shell.o
                                         0x3c (size before relaxing)
 .eh_frame      0x00000000001209f4       0x20 binaries/xsh_argecho.o
                                         0x38 (size before relaxing)
 .eh_frame      0x0000000000120a14       0x40 binaries/xsh_arp.o
                                         0x58 (size before relaxing)
 .eh_frame      0x0000000000120a54       0x24 binaries/xsh_cat.o
                                         0x3c (size before relaxing)
 .eh_frame      0x0000000000120a78       0x24 binaries/xsh_clear.o
                                         0x3c (size before relaxing)
 .eh_frame      0x0000000000120a9c       0x24 binaries/xsh_date.o
                                         0x3c (size before relaxing)
 .eh_frame      0x0000000000120ac0       0x20 binaries/xsh_devdump.o
                                         0x38 (size before relaxing)
 .eh_frame      0x0000000000120ae0       0x20 binaries/xsh_echo.o
                                         0x38 (size before relaxing)
 .eh_frame      0x0000000000120b00       0x20 binaries/xsh_exit.o
                                         0x38 (size before relaxing)
 .eh_frame      0x0000000000120b20       0x24 binaries/xsh_help.o
                                         0x3c (size before relaxing)
 .eh_frame      0x0000000000120b44       0x24 binaries/xsh_kill.o
                                         0x3c (size before relaxing)
 .eh_frame      0x0000000000120b68       0x44 binaries/xsh_memdump.o
                                         0x5c (size before relaxing)
 .eh_frame      0x0000000000120bac       0x64 binaries/xsh_memstat.o
                                         0x7c (size before relaxing)
 .eh_frame      0x0000000000120c10       0x30 binaries/xsh_netinfo.o
                                         0x48 (size before relaxing)
 .eh_frame      0x0000000000120c40       0x2c binaries/xsh_ping.o
                                         0x44 (size before relaxing)
 .eh_frame      0x0000000000120c6c       0x30 binaries/xsh_ps.o
                                         0x48 (size before relaxing)
 .eh_frame      0x0000000000120c9c       0x20 binaries/xsh_reset.o
                                         0x38 (size before relaxing)
 .eh_frame      0x0000000000120cbc       0x24 binaries/xsh_sleep.o
                                         0x3c (size before relaxing)
 .eh_frame      0x0000000000120ce0       0x24 binaries/xsh_udpdump.o
                                         0x3c (size before relaxing)
 .eh_frame      0x0000000000120d04       0x30 binaries/xsh_udpecho.o
                                         0x48 (size before relaxing)
 .eh_frame      0x0000000000120d34       0x2c binaries/xsh_udpserver.o
                                         0x44 (size before relaxing)
 .eh_frame      0x0000000000120d60       0x24 binaries/xsh_uptime.o
                                         0x3c (size before relaxing)

.iplt           0x0000000000120d90        0x0
 .iplt          0x0000000000120d90        0x0 binaries/start.o

.rel.dyn        0x0000000000120d84        0x0
 .rel.iplt      0x0000000000120d84        0x0 binaries/start.o
 .rel.text      0x0000000000120d84        0x0 binaries/start.o
 .rel.data      0x0000000000120d84        0x0 binaries/start.o
 .rel.rodata    0x0000000000120d84        0x0 binaries/start.o

.data           0x0000000000120da0     0x1260
                0x0000000000120da0                data = ABSOLUTE (.)
 *(.data .data.*)
 .data          0x0000000000120da0      0x460 binaries/start.o
                0x0000000000120da0                gdt
                0x0000000000120de0                gdtr
                0x0000000000120de6                idt
                0x00000000001211e6                idtr
                0x00000000001211ec                cpudelay
                0x00000000001211f0                _bootdev
                0x00000000001211f4                _cyloffset
 .data          0x0000000000121200       0x88 binaries/ascdate.o
                0x0000000000121200                Date
 .data          0x0000000000121288        0x0 binaries/bufinit.o
 .data          0x0000000000121288        0x0 binaries/chprio.o
 .data          0x0000000000121288        0x4 binaries/clkhandler.o
 .data          0x000000000012128c        0x0 binaries/clkinit.o
 .data          0x000000000012128c        0x0 binaries/close.o
 *fill*         0x000000000012128c       0x14 
 .data          0x00000000001212a0      0x5a0 binaries/conf.o
                0x00000000001212a0                devtab
 .data          0x0000000000121840        0x0 binaries/control.o
 .data          0x0000000000121840        0x4 binaries/create.o
 .data          0x0000000000121844        0x4 binaries/create_user_proc.o
 *fill*         0x0000000000121848       0x18 
 .data          0x0000000000121860       0x40 binaries/evec.o
                0x0000000000121860                inames
 .data          0x00000000001218a0        0x0 binaries/exit.o
 .data          0x00000000001218a0        0x0 binaries/freebuf.o
 .data          0x00000000001218a0        0x0 binaries/freemem.o
 .data          0x00000000001218a0        0x0 binaries/getbuf.o
 .data          0x00000000001218a0        0x0 binaries/getc.o
 .data          0x00000000001218a0        0x0 binaries/getdev.o
 .data          0x00000000001218a0        0x0 binaries/getitem.o
 .data          0x00000000001218a0        0x0 binaries/getmem.o
 .data          0x00000000001218a0        0x0 binaries/getpid.o
 .data          0x00000000001218a0        0x0 binaries/getprio.o
 .data          0x00000000001218a0        0x0 binaries/getstk.o
 .data          0x00000000001218a0        0x0 binaries/getticks.o
 .data          0x00000000001218a0        0x0 binaries/gettime.o
 .data          0x00000000001218a0        0x0 binaries/getutime.o
 .data          0x00000000001218a0       0x40 binaries/i386.o
                0x00000000001218a0                gdt_copy
 .data          0x00000000001218e0        0x0 binaries/init.o
 .data          0x00000000001218e0        0x0 binaries/initialize.o
 .data          0x00000000001218e0        0x0 binaries/insert.o
 .data          0x00000000001218e0        0x0 binaries/insertd.o
 .data          0x00000000001218e0        0x0 binaries/ioerr.o
 .data          0x00000000001218e0        0x0 binaries/ionull.o
 .data          0x00000000001218e0        0x0 binaries/kill.o
 .data          0x00000000001218e0        0x0 binaries/kprintf.o
 .data          0x00000000001218e0        0x0 binaries/main.o
 .data          0x00000000001218e0        0x0 binaries/mark.o
 .data          0x00000000001218e0        0x0 binaries/meminit.o
 .data          0x00000000001218e0        0x0 binaries/mkbufpool.o
 .data          0x00000000001218e0        0x2 binaries/newqueue.o
[...]
 .comment       0x000000000000001d       0x1e binaries/icmp.o
 .comment       0x000000000000001d       0x1e binaries/ip.o
 .comment       0x000000000000001d       0x1e binaries/net.o
 .comment       0x000000000000001d       0x1e binaries/pdump.o
 .comment       0x000000000000001d       0x1e binaries/tftp.o
 .comment       0x000000000000001d       0x1e binaries/udp.o
 .comment       0x000000000000001d       0x1e binaries/addargs.o
 .comment       0x000000000000001d       0x1e binaries/lexan.o
 .comment       0x000000000000001d       0x1e binaries/shell.o
 .comment       0x000000000000001d       0x1e binaries/xsh_argecho.o
 .comment       0x000000000000001d       0x1e binaries/xsh_arp.o
 .comment       0x000000000000001d       0x1e binaries/xsh_cat.o
 .comment       0x000000000000001d       0x1e binaries/xsh_clear.o
 .comment       0x000000000000001d       0x1e binaries/xsh_date.o
 .comment       0x000000000000001d       0x1e binaries/xsh_devdump.o
 .comment       0x000000000000001d       0x1e binaries/xsh_echo.o
 .comment       0x000000000000001d       0x1e binaries/xsh_exit.o
 .comment       0x000000000000001d       0x1e binaries/xsh_help.o
 .comment       0x000000000000001d       0x1e binaries/xsh_kill.o
 .comment       0x000000000000001d       0x1e binaries/xsh_memdump.o
 .comment       0x000000000000001d       0x1e binaries/xsh_memstat.o
 .comment       0x000000000000001d       0x1e binaries/xsh_netinfo.o
 .comment       0x000000000000001d       0x1e binaries/xsh_ping.o
 .comment       0x000000000000001d       0x1e binaries/xsh_ps.o
 .comment       0x000000000000001d       0x1e binaries/xsh_reset.o
 .comment       0x000000000000001d       0x1e binaries/xsh_sleep.o
 .comment       0x000000000000001d       0x1e binaries/xsh_udpdump.o
 .comment       0x000000000000001d       0x1e binaries/xsh_udpecho.o
 .comment       0x000000000000001d       0x1e binaries/xsh_udpserver.o
 .comment       0x000000000000001d       0x1e binaries/xsh_uptime.o

.note.GNU-stack
                0x0000000000000000        0x0
 .note.GNU-stack
                0x0000000000000000        0x0 binaries/ascdate.o
 .note.GNU-stack
                0x0000000000000000        0x0 binaries/bufinit.o
 .note.GNU-stack
                0x0000000000000000        0x0 binaries/chprio.o
 .note.GNU-stack
                0x0000000000000000        0x0 binaries/clkhandler.o
 .note.GNU-stack
                0x0000000000000000        0x0 binaries/clkinit.o
 .note.GNU-stack
                0x0000000000000000        0x0 binaries/close.o
 .note.GNU-stack
                0x0000000000000000        0x0 binaries/conf.o
 .note.GNU-stack
                0x0000000000000000        0x0 binaries/control.o
 .note.GNU-stack
                0x0000000000000000        0x0 binaries/create.o
 .note.GNU-stack
                0x0000000000000000        0x0 binaries/create_user_proc.o
 .note.GNU-stack
                0x0000000000000000        0x0 binaries/evec.o
 .note.GNU-stack
                0x0000000000000000        0x0 binaries/exit.o
 .note.GNU-stack
                0x0000000000000000        0x0 binaries/freebuf.o
 .note.GNU-stack
                0x0000000000000000        0x0 binaries/freemem.o
 .note.GNU-stack
                0x0000000000000000        0x0 binaries/getbuf.o
 .note.GNU-stack
                0x0000000000000000        0x0 binaries/getc.o
 .note.GNU-stack
                0x0000000000000000        0x0 binaries/getdev.o
 .note.GNU-stack
                0x0000000000000000        0x0 binaries/getitem.o
 .note.GNU-stack
                0x0000000000000000        0x0 binaries/getmem.o
 .note.GNU-stack
                0x0000000000000000        0x0 binaries/getpid.o
 .note.GNU-stack
                0x0000000000000000        0x0 binaries/getprio.o
 .note.GNU-stack
                0x0000000000000000        0x0 binaries/getstk.o
 .note.GNU-stack
                0x0000000000000000        0x0 binaries/getticks.o
 .note.GNU-stack
                0x0000000000000000        0x0 binaries/gettime.o
 .note.GNU-stack
                0x0000000000000000        0x0 binaries/getutime.o
 .note.GNU-stack
                0x0000000000000000        0x0 binaries/i386.o
 .note.GNU-stack
                0x0000000000000000        0x0 binaries/init.o
 .note.GNU-stack
                0x0000000000000000        0x0 binaries/initialize.o
 .note.GNU-stack
                0x0000000000000000        0x0 binaries/insert.o
 .note.GNU-stack
                0x0000000000000000        0x0 binaries/insertd.o
 .note.GNU-stack
                0x0000000000000000        0x0 binaries/ioerr.o
 .note.GNU-stack
                0x0000000000000000        0x0 binaries/ionull.o
 .note.GNU-stack
                0x0000000000000000        0x0 binaries/kill.o
 .note.GNU-stack
                0x0000000000000000        0x0 binaries/kprintf.o
 .note.GNU-stack
                0x0000000000000000        0x0 binaries/main.o
 .note.GNU-stack
                0x0000000000000000        0x0 binaries/mark.o
 .note.GNU-stack
                0x0000000000000000        0x0 binaries/meminit.o
 .note.GNU-stack
                0x0000000000000000        0x0 binaries/mkbufpool.o
 .note.GNU-stack
                0x0000000000000000        0x0 binaries/newqueue.o
 .note.GNU-stack
                0x0000000000000000        0x0 binaries/open.o
 .note.GNU-stack
                0x0000000000000000        0x0 binaries/panic.o
 .note.GNU-stack
                0x0000000000000000        0x0 binaries/pci.o
 .note.GNU-stack
                0x0000000000000000        0x0 binaries/ptclear.o
 .note.GNU-stack
                0x0000000000000000        0x0 binaries/ptcount.o
 .note.GNU-stack
                0x0000000000000000        0x0 binaries/ptcreate.o
 .note.GNU-stack
                0x0000000000000000        0x0 binaries/ptdelete.o
 .note.GNU-stack
                0x0000000000000000        0x0 binaries/ptinit.o
 .note.GNU-stack
                0x0000000000000000        0x0 binaries/ptrecv.o
 .note.GNU-stack
                0x0000000000000000        0x0 binaries/ptreset.o
 .note.GNU-stack
                0x0000000000000000        0x0 binaries/ptsend.o
 .note.GNU-stack
                0x0000000000000000        0x0 binaries/putc.o
 .note.GNU-stack
                0x0000000000000000        0x0 binaries/queue.o
 .note.GNU-stack
                0x0000000000000000        0x0 binaries/read.o
 .note.GNU-stack
                0x0000000000000000        0x0 binaries/ready.o
 .note.GNU-stack
                0x0000000000000000        0x0 binaries/receive.o
 .note.GNU-stack
                0x0000000000000000        0x0 binaries/recvclr.o
 .note.GNU-stack
                0x0000000000000000        0x0 binaries/recvtime.o
 .note.GNU-stack
                0x0000000000000000        0x0 binaries/resched.o
 .note.GNU-stack
                0x0000000000000000        0x0 binaries/resume.o
 .note.GNU-stack
                0x0000000000000000        0x0 binaries/seek.o
 .note.GNU-stack
                0x0000000000000000        0x0 binaries/semcount.o
 .note.GNU-stack
                0x0000000000000000        0x0 binaries/semcreate.o
 .note.GNU-stack
                0x0000000000000000        0x0 binaries/semdelete.o
 .note.GNU-stack
                0x0000000000000000        0x0 binaries/semreset.o
 .note.GNU-stack
                0x0000000000000000        0x0 binaries/send.o
 .note.GNU-stack
                0x0000000000000000        0x0 binaries/signal.o
 .note.GNU-stack
                0x0000000000000000        0x0 binaries/signaln.o
 .note.GNU-stack
                0x0000000000000000        0x0 binaries/sleep.o
 .note.GNU-stack
                0x0000000000000000        0x0 binaries/stacktrace.o
 .note.GNU-stack
                0x0000000000000000        0x0 binaries/suspend.o
 .note.GNU-stack
                0x0000000000000000        0x0 binaries/syscall_summary.o
 .note.GNU-stack
                0x0000000000000000        0x0 binaries/unsleep.o
 .note.GNU-stack
                0x0000000000000000        0x0 binaries/userret.o
 .note.GNU-stack
                0x0000000000000000        0x0 binaries/wait.o
 .note.GNU-stack
                0x0000000000000000        0x0 binaries/wakeup.o
 .note.GNU-stack
                0x0000000000000000        0x0 binaries/write.o
 .note.GNU-stack
                0x0000000000000000        0x0 binaries/xdone.o
 .note.GNU-stack
                0x0000000000000000        0x0 binaries/yield.o
 .note.GNU-stack
                0x0000000000000000        0x0 binaries/abs.o
 .note.GNU-stack
                0x0000000000000000        0x0 binaries/atoi.o
 .note.GNU-stack
                0x0000000000000000        0x0 binaries/atol.o
 .note.GNU-stack
                0x0000000000000000        0x0 binaries/bzero.o
 .note.GNU-stack
                0x0000000000000000        0x0 binaries/ctype_.o
 .note.GNU-stack
                0x0000000000000000        0x0 binaries/doprnt.o
 .note.GNU-stack
                0x0000000000000000        0x0 binaries/doscan.o
 .note.GNU-stack
                0x0000000000000000        0x0 binaries/fdoprnt.o
 .note.GNU-stack
                0x0000000000000000        0x0 binaries/fgetc.o
 .note.GNU-stack
                0x0000000000000000        0x0 binaries/fgets.o
 .note.GNU-stack
                0x0000000000000000        0x0 binaries/fprintf.o
 .note.GNU-stack
                0x0000000000000000        0x0 binaries/fputc.o
 .note.GNU-stack
                0x0000000000000000        0x0 binaries/fputs.o
 .note.GNU-stack
                0x0000000000000000        0x0 binaries/fscanf.o
 .note.GNU-stack
                0x0000000000000000        0x0 binaries/getchar.o
 .note.GNU-stack
                0x0000000000000000        0x0 binaries/labs.o
 .note.GNU-stack
                0x0000000000000000        0x0 binaries/memchr.o
 .note.GNU-stack
                0x0000000000000000        0x0 binaries/memcmp.o
 .note.GNU-stack
                0x0000000000000000        0x0 binaries/memcpy.o
 .note.GNU-stack
                0x0000000000000000        0x0 binaries/memset.o
 .note.GNU-stack
                0x0000000000000000        0x0 binaries/printf.o
 .note.GNU-stack
                0x0000000000000000        0x0 binaries/putchar.o
 .note.GNU-stack
                0x0000000000000000        0x0 binaries/qsort.o
 .note.GNU-stack
                0x0000000000000000        0x0 binaries/rand.o
 .note.GNU-stack
                0x0000000000000000        0x0 binaries/sprintf.o
 .note.GNU-stack
                0x0000000000000000        0x0 binaries/sscanf.o
 .note.GNU-stack
                0x0000000000000000        0x0 binaries/strchr.o
 .note.GNU-stack
                0x0000000000000000        0x0 binaries/strcmp.o
 .note.GNU-stack
                0x0000000000000000        0x0 binaries/strcpy.o
 .note.GNU-stack
                0x0000000000000000        0x0 binaries/strlen.o
 .note.GNU-stack
                0x0000000000000000        0x0 binaries/strncat.o
 .note.GNU-stack
                0x0000000000000000        0x0 binaries/strncmp.o
 .note.GNU-stack
                0x0000000000000000        0x0 binaries/strncpy.o
 .note.GNU-stack
                0x0000000000000000        0x0 binaries/strnlen.o
 .note.GNU-stack
                0x0000000000000000        0x0 binaries/strrchr.o
 .note.GNU-stack
                0x0000000000000000        0x0 binaries/strstr.o
 .note.GNU-stack
                0x0000000000000000        0x0 binaries/ttycontrol.o
 .note.GNU-stack
                0x0000000000000000        0x0 binaries/ttygetc.o
 .note.GNU-stack
                0x0000000000000000        0x0 binaries/ttyhandle_in.o
 .note.GNU-stack
                0x0000000000000000        0x0 binaries/ttyhandle_out.o
 .note.GNU-stack
                0x0000000000000000        0x0 binaries/ttyhandler.o
 .note.GNU-stack
                0x0000000000000000        0x0 binaries/ttyinit.o
 .note.GNU-stack
                0x0000000000000000        0x0 binaries/ttykickout.o
 .note.GNU-stack
                0x0000000000000000        0x0 binaries/ttyputc.o
 .note.GNU-stack
                0x0000000000000000        0x0 binaries/ttyread.o
 .note.GNU-stack
                0x0000000000000000        0x0 binaries/ttywrite.o
 .note.GNU-stack
                0x0000000000000000        0x0 binaries/mount.o
 .note.GNU-stack
                0x0000000000000000        0x0 binaries/naminit.o
 .note.GNU-stack
                0x0000000000000000        0x0 binaries/nammap.o
 .note.GNU-stack
                0x0000000000000000        0x0 binaries/namopen.o
 .note.GNU-stack
                0x0000000000000000        0x0 binaries/82545EMInit.o
 .note.GNU-stack
                0x0000000000000000        0x0 binaries/ethcontrol.o
 .note.GNU-stack
                0x0000000000000000        0x0 binaries/ethhandler.o
 .note.GNU-stack
                0x0000000000000000        0x0 binaries/ethinit.o
 .note.GNU-stack
                0x0000000000000000        0x0 binaries/ethread.o
 .note.GNU-stack
                0x0000000000000000        0x0 binaries/ethwrite.o
 .note.GNU-stack
                0x0000000000000000        0x0 binaries/rdsbufalloc.o
 .note.GNU-stack
                0x0000000000000000        0x0 binaries/rdsclose.o
 .note.GNU-stack
                0x0000000000000000        0x0 binaries/rdscomm.o
 .note.GNU-stack
                0x0000000000000000        0x0 binaries/rdscontrol.o
 .note.GNU-stack
                0x0000000000000000        0x0 binaries/rdsinit.o
 .note.GNU-stack
                0x0000000000000000        0x0 binaries/rdsopen.o
 .note.GNU-stack
                0x0000000000000000        0x0 binaries/rdsprocess.o
 .note.GNU-stack
                0x0000000000000000        0x0 binaries/rdsread.o
 .note.GNU-stack
                0x0000000000000000        0x0 binaries/rdswrite.o
 .note.GNU-stack
                0x0000000000000000        0x0 binaries/ramclose.o
 .note.GNU-stack
                0x0000000000000000        0x0 binaries/raminit.o
 .note.GNU-stack
                0x0000000000000000        0x0 binaries/ramopen.o
 .note.GNU-stack
                0x0000000000000000        0x0 binaries/ramread.o
 .note.GNU-stack
                0x0000000000000000        0x0 binaries/ramwrite.o
 .note.GNU-stack
                0x0000000000000000        0x0 binaries/lfdballoc.o
 .note.GNU-stack
                0x0000000000000000        0x0 binaries/lfdbfree.o
 .note.GNU-stack
                0x0000000000000000        0x0 binaries/lfflush.o
 .note.GNU-stack
                0x0000000000000000        0x0 binaries/lfgetmode.o
 .note.GNU-stack
                0x0000000000000000        0x0 binaries/lfiballoc.o
 .note.GNU-stack
                0x0000000000000000        0x0 binaries/lfibclear.o
 .note.GNU-stack
                0x0000000000000000        0x0 binaries/lfibget.o
 .note.GNU-stack
                0x0000000000000000        0x0 binaries/lfibput.o
 .note.GNU-stack
                0x0000000000000000        0x0 binaries/lflclose.o
 .note.GNU-stack
                0x0000000000000000        0x0 binaries/lflcontrol.o
 .note.GNU-stack
                0x0000000000000000        0x0 binaries/lflgetc.o
 .note.GNU-stack
                0x0000000000000000        0x0 binaries/lflinit.o
 .note.GNU-stack
                0x0000000000000000        0x0 binaries/lflputc.o
 .note.GNU-stack
                0x0000000000000000        0x0 binaries/lflread.o
 .note.GNU-stack
                0x0000000000000000        0x0 binaries/lflseek.o
 .note.GNU-stack
                0x0000000000000000        0x0 binaries/lflwrite.o
 .note.GNU-stack
                0x0000000000000000        0x0 binaries/lfscheck.o
 .note.GNU-stack
                0x0000000000000000        0x0 binaries/lfsckfmt.o
 .note.GNU-stack
                0x0000000000000000        0x0 binaries/lfscreate.o
 .note.GNU-stack
                0x0000000000000000        0x0 binaries/lfsetup.o
 .note.GNU-stack
                0x0000000000000000        0x0 binaries/lfsinit.o
 .note.GNU-stack
                0x0000000000000000        0x0 binaries/lfsopen.o
 .note.GNU-stack
                0x0000000000000000        0x0 binaries/lftruncate.o
 .note.GNU-stack
                0x0000000000000000        0x0 binaries/rflclose.o
 .note.GNU-stack
                0x0000000000000000        0x0 binaries/rflgetc.o
 .note.GNU-stack
                0x0000000000000000        0x0 binaries/rflinit.o
 .note.GNU-stack
                0x0000000000000000        0x0 binaries/rflputc.o
 .note.GNU-stack
                0x0000000000000000        0x0 binaries/rflread.o
 .note.GNU-stack
                0x0000000000000000        0x0 binaries/rflseek.o
 .note.GNU-stack
                0x0000000000000000        0x0 binaries/rflwrite.o
 .note.GNU-stack
                0x0000000000000000        0x0 binaries/rfscomm.o
 .note.GNU-stack
                0x0000000000000000        0x0 binaries/rfscontrol.o
 .note.GNU-stack
                0x0000000000000000        0x0 binaries/rfsgetmode.o
 .note.GNU-stack
                0x0000000000000000        0x0 binaries/rfsinit.o
 .note.GNU-stack
                0x0000000000000000        0x0 binaries/rfsndmsg.o
 .note.GNU-stack
                0x0000000000000000        0x0 binaries/rfsopen.o
 .note.GNU-stack
                0x0000000000000000        0x0 binaries/arp.o
 .note.GNU-stack
                0x0000000000000000        0x0 binaries/dhcp.o
 .note.GNU-stack
                0x0000000000000000        0x0 binaries/dns.o
 .note.GNU-stack
                0x0000000000000000        0x0 binaries/dot2ip.o
 .note.GNU-stack
                0x0000000000000000        0x0 binaries/hexdump.o
 .note.GNU-stack
                0x0000000000000000        0x0 binaries/icmp.o
 .note.GNU-stack
                0x0000000000000000        0x0 binaries/ip.o
 .note.GNU-stack
                0x0000000000000000        0x0 binaries/net.o
 .note.GNU-stack
                0x0000000000000000        0x0 binaries/pdump.o
 .note.GNU-stack
                0x0000000000000000        0x0 binaries/tftp.o
 .note.GNU-stack
                0x0000000000000000        0x0 binaries/udp.o
 .note.GNU-stack
                0x0000000000000000        0x0 binaries/addargs.o
 .note.GNU-stack
                0x0000000000000000        0x0 binaries/lexan.o
 .note.GNU-stack
                0x0000000000000000        0x0 binaries/shell.o
 .note.GNU-stack
                0x0000000000000000        0x0 binaries/xsh_argecho.o
 .note.GNU-stack
                0x0000000000000000        0x0 binaries/xsh_arp.o
 .note.GNU-stack
                0x0000000000000000        0x0 binaries/xsh_cat.o
 .note.GNU-stack
                0x0000000000000000        0x0 binaries/xsh_clear.o
 .note.GNU-stack
                0x0000000000000000        0x0 binaries/xsh_date.o
 .note.GNU-stack
                0x0000000000000000        0x0 binaries/xsh_devdump.o
 .note.GNU-stack
                0x0000000000000000        0x0 binaries/xsh_echo.o
 .note.GNU-stack
                0x0000000000000000        0x0 binaries/xsh_exit.o
 .note.GNU-stack
                0x0000000000000000        0x0 binaries/xsh_help.o
 .note.GNU-stack
                0x0000000000000000        0x0 binaries/xsh_kill.o
 .note.GNU-stack
                0x0000000000000000        0x0 binaries/xsh_memdump.o
 .note.GNU-stack
                0x0000000000000000        0x0 binaries/xsh_memstat.o
 .note.GNU-stack
                0x0000000000000000        0x0 binaries/xsh_netinfo.o
 .note.GNU-stack
                0x0000000000000000        0x0 binaries/xsh_ping.o
 .note.GNU-stack
                0x0000000000000000        0x0 binaries/xsh_ps.o
 .note.GNU-stack
                0x0000000000000000        0x0 binaries/xsh_reset.o
 .note.GNU-stack
                0x0000000000000000        0x0 binaries/xsh_sleep.o
 .note.GNU-stack
                0x0000000000000000        0x0 binaries/xsh_udpdump.o
 .note.GNU-stack
                0x0000000000000000        0x0 binaries/xsh_udpecho.o
 .note.GNU-stack
                0x0000000000000000        0x0 binaries/xsh_udpserver.o
 .note.GNU-stack
                0x0000000000000000        0x0 binaries/xsh_uptime.o
